../Core/Src/main.c:122:5:main	472	static
../Core/Src/main.c:310:6:SystemClock_Config	96	static
../Core/Src/main.c:361:13:MX_SDMMC1_SD_Init	4	static
../Core/Src/main.c:389:13:MX_TIM1_Init	40	static
../Core/Src/main.c:436:13:MX_GPIO_Init	64	static
../Core/Src/main.c:762:5:aiRun	24	static
../Core/Src/main.c:779:5:aiInit	16	static
../Core/Src/main.c:796:6:acquire_and_process_data	32	static
../Core/Src/main.c:802:5:net_run	40	static
../Core/Src/main.c:831:9:read_from_sd	40	static
../Core/Src/main.c:861:6:write_to_sd	24	static
../Core/Src/main.c:882:6:w_report	24	static
../Core/Src/main.c:904:10:recast	40	static
../Core/Src/main.c:938:10:dequan	24	static
../Core/Src/main.c:955:6:Error_Handler	8	static,ignoring_inline_asm
