Archive member included to satisfy reference by file (symbol)

../Middlewares/ST/AI/Lib\NetworkRuntime910_CM4_GCC.a(ai_platform.o)
                              ./X-CUBE-AI/App/model.o (ai_buffer_array_item_set_address)
../Middlewares/ST/AI/Lib\NetworkRuntime910_CM4_GCC.a(ai_platform_interface.o)
                              ./X-CUBE-AI/App/model.o (ai_platform_get_weights_map)
../Middlewares/ST/AI/Lib\NetworkRuntime910_CM4_GCC.a(core_common.o)
                              ../Middlewares/ST/AI/Lib\NetworkRuntime910_CM4_GCC.a(ai_platform_interface.o) (core_init)
../Middlewares/ST/AI/Lib\NetworkRuntime910_CM4_GCC.a(core_mem_manager.o)
                              ../Middlewares/ST/AI/Lib\NetworkRuntime910_CM4_GCC.a(ai_platform_interface.o) (core_mem_alloc)
../Middlewares/ST/AI/Lib\NetworkRuntime910_CM4_GCC.a(layers.o)
                              ../Middlewares/ST/AI/Lib\NetworkRuntime910_CM4_GCC.a(ai_platform_interface.o) (ai_check_custom_types)
../Middlewares/ST/AI/Lib\NetworkRuntime910_CM4_GCC.a(layers_conv2d_generic_float.o)
                              ./X-CUBE-AI/App/model.o (forward_conv2d_if32of32wf32)
../Middlewares/ST/AI/Lib\NetworkRuntime910_CM4_GCC.a(layers_nl_generic_float.o)
                              ./X-CUBE-AI/App/model.o (forward_relu)
../Middlewares/ST/AI/Lib\NetworkRuntime910_CM4_GCC.a(layers_conv2d_integer_scratch.o)
                              ../Middlewares/ST/AI/Lib\NetworkRuntime910_CM4_GCC.a(layers.o) (get_conv2d_scratch_size)
../Middlewares/ST/AI/Lib\NetworkRuntime910_CM4_GCC.a(forward_lite_conv2d_if32of32wf32.o)
                              ../Middlewares/ST/AI/Lib\NetworkRuntime910_CM4_GCC.a(layers_conv2d_generic_float.o) (forward_lite_conv2d_if32of32wf32)
../Middlewares/ST/AI/Lib\NetworkRuntime910_CM4_GCC.a(lite_nl_softmax_if32of32.o)
                              ../Middlewares/ST/AI/Lib\NetworkRuntime910_CM4_GCC.a(layers_nl_generic_float.o) (forward_lite_nl_softmax_if32of32_kernel)
../Middlewares/ST/AI/Lib\NetworkRuntime910_CM4_GCC.a(lite_nl_relu_if32of32.o)
                              ../Middlewares/ST/AI/Lib\NetworkRuntime910_CM4_GCC.a(layers_nl_generic_float.o) (forward_lite_nl_prelu_if32of32_kernel)
../Middlewares/ST/AI/Lib\NetworkRuntime910_CM4_GCC.a(lite_dense_if32.o)
                              ../Middlewares/ST/AI/Lib\NetworkRuntime910_CM4_GCC.a(layers_conv2d_generic_float.o) (lite_decompress_ilutof32)
../Middlewares/ST/AI/Lib\NetworkRuntime910_CM4_GCC.a(st_int8_fill.o)
                              ../Middlewares/ST/AI/Lib\NetworkRuntime910_CM4_GCC.a(layers_nl_generic_float.o) (st_int8_fill)
../Middlewares/ST/AI/Lib\NetworkRuntime910_CM4_GCC.a(ai_math_helpers.o)
                              ../Middlewares/ST/AI/Lib\NetworkRuntime910_CM4_GCC.a(layers_nl_generic_float.o) (ai_math_sqrt)
../Middlewares/ST/AI/Lib\NetworkRuntime910_CM4_GCC.a(ai_datatypes_format.o)
                              ../Middlewares/ST/AI/Lib\NetworkRuntime910_CM4_GCC.a(ai_platform_interface.o) (ai_array_to_buffer_fmt)
../Middlewares/ST/AI/Lib\NetworkRuntime910_CM4_GCC.a(ai_datatypes_internal.o)
                              ../Middlewares/ST/AI/Lib\NetworkRuntime910_CM4_GCC.a(ai_platform_interface.o) (ai_version_get)
../Middlewares/ST/AI/Lib\NetworkRuntime910_CM4_GCC.a(ai_math_elementwise_mul_int8.o)
                              ../Middlewares/ST/AI/Lib\NetworkRuntime910_CM4_GCC.a(ai_math_helpers.o) (ai_math_elementwise_mul_int8)
../Middlewares/ST/AI/Lib\NetworkRuntime910_CM4_GCC.a(ai_math_elementwise_sum_int8.o)
                              ../Middlewares/ST/AI/Lib\NetworkRuntime910_CM4_GCC.a(ai_math_helpers.o) (ai_math_elementwise_sum_int8)
../Middlewares/ST/AI/Lib\NetworkRuntime910_CM4_GCC.a(st_align_factor.o)
                              ../Middlewares/ST/AI/Lib\NetworkRuntime910_CM4_GCC.a(ai_math_helpers.o) (align_factor)
C:/ST/STM32CubeIDE_1.16.1/STM32CubeIDE/plugins/com.st.stm32cube.ide.mcu.externaltools.gnu-tools-for-stm32.12.3.rel1.win32_1.0.200.202406191623/tools/bin/../lib/gcc/arm-none-eabi/12.3.1/../../../../arm-none-eabi/lib/thumb/v7e-m+fp/hard\libc_nano.a(libc_a-exit.o)
                              C:/ST/STM32CubeIDE_1.16.1/STM32CubeIDE/plugins/com.st.stm32cube.ide.mcu.externaltools.gnu-tools-for-stm32.12.3.rel1.win32_1.0.200.202406191623/tools/bin/../lib/gcc/arm-none-eabi/12.3.1/../../../../arm-none-eabi/lib/thumb/v7e-m+fp/hard/crt0.o (exit)
C:/ST/STM32CubeIDE_1.16.1/STM32CubeIDE/plugins/com.st.stm32cube.ide.mcu.externaltools.gnu-tools-for-stm32.12.3.rel1.win32_1.0.200.202406191623/tools/bin/../lib/gcc/arm-none-eabi/12.3.1/../../../../arm-none-eabi/lib/thumb/v7e-m+fp/hard\libc_nano.a(libc_a-malloc.o)
                              ./Core/Src/main.o (malloc)
C:/ST/STM32CubeIDE_1.16.1/STM32CubeIDE/plugins/com.st.stm32cube.ide.mcu.externaltools.gnu-tools-for-stm32.12.3.rel1.win32_1.0.200.202406191623/tools/bin/../lib/gcc/arm-none-eabi/12.3.1/../../../../arm-none-eabi/lib/thumb/v7e-m+fp/hard\libc_nano.a(libc_a-mallocr.o)
[...]
Memory Configuration

Name             Origin             Length             Attributes
RAM              0x20000000         0x00030000         xrw
RAM2             0x10000000         0x00010000         xrw
RAM3             0x20040000         0x00060000         xrw
FLASH            0x08000000         0x00200000         xr
*default*        0x00000000         0xffffffff

Linker script and memory map

LOAD C:/ST/STM32CubeIDE_1.16.1/STM32CubeIDE/plugins/com.st.stm32cube.ide.mcu.externaltools.gnu-tools-for-stm32.12.3.rel1.win32_1.0.200.202406191623/tools/bin/../lib/gcc/arm-none-eabi/12.3.1/thumb/v7e-m+fp/hard/crti.o
LOAD C:/ST/STM32CubeIDE_1.16.1/STM32CubeIDE/plugins/com.st.stm32cube.ide.mcu.externaltools.gnu-tools-for-stm32.12.3.rel1.win32_1.0.200.202406191623/tools/bin/../lib/gcc/arm-none-eabi/12.3.1/thumb/v7e-m+fp/hard/crtbegin.o
LOAD C:/ST/STM32CubeIDE_1.16.1/STM32CubeIDE/plugins/com.st.stm32cube.ide.mcu.externaltools.gnu-tools-for-stm32.12.3.rel1.win32_1.0.200.202406191623/tools/bin/../lib/gcc/arm-none-eabi/12.3.1/../../../../arm-none-eabi/lib/thumb/v7e-m+fp/hard/crt0.o
LOAD ./Core/Src/main.o
LOAD ./Core/Src/stm32l4xx_hal_msp.o
LOAD ./Core/Src/stm32l4xx_it.o
LOAD ./Core/Src/sysmem.o
LOAD ./Core/Src/system_stm32l4xx.o
LOAD ./Core/Startup/startup_stm32l4r9zijx.o
LOAD ./Drivers/STM32L4xx_HAL_Driver/Src/stm32l4xx_hal.o
LOAD ./Drivers/STM32L4xx_HAL_Driver/Src/stm32l4xx_hal_cortex.o
LOAD ./Drivers/STM32L4xx_HAL_Driver/Src/stm32l4xx_hal_dma.o
LOAD ./Drivers/STM32L4xx_HAL_Driver/Src/stm32l4xx_hal_dma_ex.o
LOAD ./Drivers/STM32L4xx_HAL_Driver/Src/stm32l4xx_hal_exti.o
LOAD ./Drivers/STM32L4xx_HAL_Driver/Src/stm32l4xx_hal_flash.o
LOAD ./Drivers/STM32L4xx_HAL_Driver/Src/stm32l4xx_hal_flash_ex.o
LOAD ./Drivers/STM32L4xx_HAL_Driver/Src/stm32l4xx_hal_flash_ramfunc.o
LOAD ./Drivers/STM32L4xx_HAL_Driver/Src/stm32l4xx_hal_gpio.o
LOAD ./Drivers/STM32L4xx_HAL_Driver/Src/stm32l4xx_hal_i2c.o
LOAD ./Drivers/STM32L4xx_HAL_Driver/Src/stm32l4xx_hal_i2c_ex.o
LOAD ./Drivers/STM32L4xx_HAL_Driver/Src/stm32l4xx_hal_pwr.o
LOAD ./Drivers/STM32L4xx_HAL_Driver/Src/stm32l4xx_hal_pwr_ex.o
LOAD ./Drivers/STM32L4xx_HAL_Driver/Src/stm32l4xx_hal_rcc.o
LOAD ./Drivers/STM32L4xx_HAL_Driver/Src/stm32l4xx_hal_rcc_ex.o
LOAD ./Drivers/STM32L4xx_HAL_Driver/Src/stm32l4xx_hal_sd.o
LOAD ./Drivers/STM32L4xx_HAL_Driver/Src/stm32l4xx_hal_sd_ex.o
LOAD ./Drivers/STM32L4xx_HAL_Driver/Src/stm32l4xx_hal_tim.o
LOAD ./Drivers/STM32L4xx_HAL_Driver/Src/stm32l4xx_hal_tim_ex.o
LOAD ./Drivers/STM32L4xx_HAL_Driver/Src/stm32l4xx_ll_sdmmc.o
LOAD ./FATFS/App/fatfs.o
LOAD ./FATFS/Target/bsp_driver_sd.o
LOAD ./FATFS/Target/fatfs_platform.o
LOAD ./FATFS/Target/sd_diskio.o
LOAD ./Middlewares/Third_Party/FatFs/src/diskio.o
LOAD ./Middlewares/Third_Party/FatFs/src/ff.o
LOAD ./Middlewares/Third_Party/FatFs/src/ff_gen_drv.o
LOAD ./Middlewares/Third_Party/FatFs/src/option/syscall.o
LOAD ./X-CUBE-AI/App/model.o
LOAD ./X-CUBE-AI/App/model_data.o
LOAD ./X-CUBE-AI/App/model_data_params.o
LOAD ../Middlewares/ST/AI/Lib\NetworkRuntime910_CM4_GCC.a
START GROUP
LOAD C:/ST/STM32CubeIDE_1.16.1/STM32CubeIDE/plugins/com.st.stm32cube.ide.mcu.externaltools.gnu-tools-for-stm32.12.3.rel1.win32_1.0.200.202406191623/tools/bin/../lib/gcc/arm-none-eabi/12.3.1/../../../../arm-none-eabi/lib/thumb/v7e-m+fp/hard\libc_nano.a
LOAD C:/ST/STM32CubeIDE_1.16.1/STM32CubeIDE/plugins/com.st.stm32cube.ide.mcu.externaltools.gnu-tools-for-stm32.12.3.rel1.win32_1.0.200.202406191623/tools/bin/../lib/gcc/arm-none-eabi/12.3.1/../../../../arm-none-eabi/lib/thumb/v7e-m+fp/hard\libm.a
END GROUP
START GROUP
LOAD C:/ST/STM32CubeIDE_1.16.1/STM32CubeIDE/plugins/com.st.stm32cube.ide.mcu.externaltools.gnu-tools-for-stm32.12.3.rel1.win32_1.0.200.202406191623/tools/bin/../lib/gcc/arm-none-eabi/12.3.1/thumb/v7e-m+fp/hard\libgcc.a
LOAD C:/ST/STM32CubeIDE_1.16.1/STM32CubeIDE/plugins/com.st.stm32cube.ide.mcu.externaltools.gnu-tools-for-stm32.12.3.rel1.win32_1.0.200.202406191623/tools/bin/../lib/gcc/arm-none-eabi/12.3.1/../../../../arm-none-eabi/lib/thumb/v7e-m+fp/hard\libc_nano.a
END GROUP
START GROUP
LOAD C:/ST/STM32CubeIDE_1.16.1/STM32CubeIDE/plugins/com.st.stm32cube.ide.mcu.externaltools.gnu-tools-for-stm32.12.3.rel1.win32_1.0.200.202406191623/tools/bin/../lib/gcc/arm-none-eabi/12.3.1/thumb/v7e-m+fp/hard\libgcc.a
LOAD C:/ST/STM32CubeIDE_1.16.1/STM32CubeIDE/plugins/com.st.stm32cube.ide.mcu.externaltools.gnu-tools-for-stm32.12.3.rel1.win32_1.0.200.202406191623/tools/bin/../lib/gcc/arm-none-eabi/12.3.1/../../../../arm-none-eabi/lib/thumb/v7e-m+fp/hard\libc_nano.a
LOAD C:/ST/STM32CubeIDE_1.16.1/STM32CubeIDE/plugins/com.st.stm32cube.ide.mcu.externaltools.gnu-tools-for-stm32.12.3.rel1.win32_1.0.200.202406191623/tools/bin/../lib/gcc/arm-none-eabi/12.3.1/../../../../arm-none-eabi/lib/thumb/v7e-m+fp/hard\libnosys.a
END GROUP
START GROUP
LOAD C:/ST/STM32CubeIDE_1.16.1/STM32CubeIDE/plugins/com.st.stm32cube.ide.mcu.externaltools.gnu-tools-for-stm32.12.3.rel1.win32_1.0.200.202406191623/tools/bin/../lib/gcc/arm-none-eabi/12.3.1/thumb/v7e-m+fp/hard\libgcc.a
LOAD C:/ST/STM32CubeIDE_1.16.1/STM32CubeIDE/plugins/com.st.stm32cube.ide.mcu.externaltools.gnu-tools-for-stm32.12.3.rel1.win32_1.0.200.202406191623/tools/bin/../lib/gcc/arm-none-eabi/12.3.1/../../../../arm-none-eabi/lib/thumb/v7e-m+fp/hard\libc_nano.a
LOAD C:/ST/STM32CubeIDE_1.16.1/STM32CubeIDE/plugins/com.st.stm32cube.ide.mcu.externaltools.gnu-tools-for-stm32.12.3.rel1.win32_1.0.200.202406191623/tools/bin/../lib/gcc/arm-none-eabi/12.3.1/../../../../arm-none-eabi/lib/thumb/v7e-m+fp/hard\libnosys.a
END GROUP
LOAD C:/ST/STM32CubeIDE_1.16.1/STM32CubeIDE/plugins/com.st.stm32cube.ide.mcu.externaltools.gnu-tools-for-stm32.12.3.rel1.win32_1.0.200.202406191623/tools/bin/../lib/gcc/arm-none-eabi/12.3.1/thumb/v7e-m+fp/hard/crtend.o
LOAD C:/ST/STM32CubeIDE_1.16.1/STM32CubeIDE/plugins/com.st.stm32cube.ide.mcu.externaltools.gnu-tools-for-stm32.12.3.rel1.win32_1.0.200.202406191623/tools/bin/../lib/gcc/arm-none-eabi/12.3.1/thumb/v7e-m+fp/hard/crtn.o
                0x200a0000                        _estack = (ORIGIN (RAM3) + LENGTH (RAM3))
                0x00010000                        _Min_Heap_Size = 0x10000
                0x00001000                        _Min_Stack_Size = 0x1000

.isr_vector     0x08000000      0x1bc
                0x08000000                        . = ALIGN (0x4)
 *(.isr_vector)
 .isr_vector    0x08000000      0x1bc ./Core/Startup/startup_stm32l4r9zijx.o
                0x08000000                g_pfnVectors
                0x080001bc                        . = ALIGN (0x4)

.text           0x080001c0     0xd860
                0x080001c0                        . = ALIGN (0x4)
 *(.text)
 .text          0x080001c0       0x40 C:/ST/STM32CubeIDE_1.16.1/STM32CubeIDE/plugins/com.st.stm32cube.ide.mcu.externaltools.gnu-tools-for-stm32.12.3.rel1.win32_1.0.200.202406191623/tools/bin/../lib/gcc/arm-none-eabi/12.3.1/thumb/v7e-m+fp/hard/crtbegin.o
 .text          0x08000200       0x10 C:/ST/STM32CubeIDE_1.16.1/STM32CubeIDE/plugins/com.st.stm32cube.ide.mcu.externaltools.gnu-tools-for-stm32.12.3.rel1.win32_1.0.200.202406191623/tools/bin/../lib/gcc/arm-none-eabi/12.3.1/../../../../arm-none-eabi/lib/thumb/v7e-m+fp/hard\libc_nano.a(libc_a-strlen.o)
                0x08000200                strlen
 .text          0x08000210       0xa0 C:/ST/STM32CubeIDE_1.16.1/STM32CubeIDE/plugins/com.st.stm32cube.ide.mcu.externaltools.gnu-tools-for-stm32.12.3.rel1.win32_1.0.200.202406191623/tools/bin/../lib/gcc/arm-none-eabi/12.3.1/../../../../arm-none-eabi/lib/thumb/v7e-m+fp/hard\libc_nano.a(libc_a-memchr.o)
                0x08000210                memchr
 .text          0x080002b0      0x378 C:/ST/STM32CubeIDE_1.16.1/STM32CubeIDE/plugins/com.st.stm32cube.ide.mcu.externaltools.gnu-tools-for-stm32.12.3.rel1.win32_1.0.200.202406191623/tools/bin/../lib/gcc/arm-none-eabi/12.3.1/thumb/v7e-m+fp/hard\libgcc.a(_arm_addsubdf3.o)
                0x080002b0                __aeabi_drsub
                0x080002b8                __aeabi_dsub
                0x080002b8                __subdf3
                0x080002bc                __aeabi_dadd
                0x080002bc                __adddf3
                0x08000534                __floatunsidf
                0x08000534                __aeabi_ui2d
                0x08000554                __floatsidf
                0x08000554                __aeabi_i2d
                0x08000578                __aeabi_f2d
                0x08000578                __extendsfdf2
                0x080005bc                __floatundidf
                0x080005bc                __aeabi_ul2d
                0x080005cc                __floatdidf
                0x080005cc                __aeabi_l2d
 .text          0x08000628      0x424 C:/ST/STM32CubeIDE_1.16.1/STM32CubeIDE/plugins/com.st.stm32cube.ide.mcu.externaltools.gnu-tools-for-stm32.12.3.rel1.win32_1.0.200.202406191623/tools/bin/../lib/gcc/arm-none-eabi/12.3.1/thumb/v7e-m+fp/hard\libgcc.a(_arm_muldivdf3.o)
                0x08000628                __aeabi_dmul
                0x08000628                __muldf3
                0x0800087c                __divdf3
                0x0800087c                __aeabi_ddiv
 .text          0x08000a4c       0xa0 C:/ST/STM32CubeIDE_1.16.1/STM32CubeIDE/plugins/com.st.stm32cube.ide.mcu.externaltools.gnu-tools-for-stm32.12.3.rel1.win32_1.0.200.202406191623/tools/bin/../lib/gcc/arm-none-eabi/12.3.1/thumb/v7e-m+fp/hard\libgcc.a(_arm_truncdfsf2.o)
                0x08000a4c                __truncdfsf2
                0x08000a4c                __aeabi_d2f
 *(.text*)
 .text.main     0x08000aec      0x4ac ./Core/Src/main.o
                0x08000aec                main
 .text.SystemClock_Config
                0x08000f98       0xa4 ./Core/Src/main.o
                0x08000f98                SystemClock_Config
 .text.MX_SDMMC1_SD_Init
                0x0800103c       0x44 ./Core/Src/main.o
 .text.MX_TIM1_Init
                0x08001080       0xa8 ./Core/Src/main.o
 .text.MX_GPIO_Init
                0x08001128      0x5fc ./Core/Src/main.o
 .text.aiRun    0x08001724       0x5c ./Core/Src/main.o
                0x08001724                aiRun
 .text.aiInit   0x08001780       0x64 ./Core/Src/main.o
                0x08001780                aiInit
 .text.acquire_and_process_data
                0x080017e4       0x44 ./Core/Src/main.o
                0x080017e4                acquire_and_process_data
 .text.net_run  0x08001828       0x90 ./Core/Src/main.o
                0x08001828                net_run
 .text.read_from_sd
                0x080018b8       0x9c ./Core/Src/main.o
                0x080018b8                read_from_sd
 .text.write_to_sd
                0x08001954       0x68 ./Core/Src/main.o
                0x08001954                write_to_sd
 .text.w_report
                0x080019bc       0x70 ./Core/Src/main.o
                0x080019bc                w_report
 .text.Error_Handler
                0x08001a2c       0x28 ./Core/Src/main.o
                0x08001a2c                Error_Handler
 .text.HAL_MspInit
                0x08001a54       0x48 ./Core/Src/stm32l4xx_hal_msp.o
                0x08001a54                HAL_MspInit
 .text.HAL_SD_MspInit
                0x08001a9c      0x118 ./Core/Src/stm32l4xx_hal_msp.o
                0x08001a9c                HAL_SD_MspInit
 .text.HAL_TIM_Base_MspInit
                0x08001bb4       0x40 ./Core/Src/stm32l4xx_hal_msp.o
                0x08001bb4                HAL_TIM_Base_MspInit
 .text.NMI_Handler
                0x08001bf4        0x8 ./Core/Src/stm32l4xx_it.o
                0x08001bf4                NMI_Handler
 .text.HardFault_Handler
                0x08001bfc        0x8 ./Core/Src/stm32l4xx_it.o
                0x08001bfc                HardFault_Handler
 .text.MemManage_Handler
                0x08001c04        0x8 ./Core/Src/stm32l4xx_it.o
                0x08001c04                MemManage_Handler
 .text.BusFault_Handler
                0x08001c0c        0x8 ./Core/Src/stm32l4xx_it.o
                0x08001c0c                BusFault_Handler
 .text.UsageFault_Handler
                0x08001c14        0x8 ./Core/Src/stm32l4xx_it.o
                0x08001c14                UsageFault_Handler
 .text.SVC_Handler
                0x08001c1c        0xe ./Core/Src/stm32l4xx_it.o
                0x08001c1c                SVC_Handler
 .text.DebugMon_Handler
                0x08001c2a        0xe ./Core/Src/stm32l4xx_it.o
                0x08001c2a                DebugMon_Handler
 .text.PendSV_Handler
                0x08001c38        0xe ./Core/Src/stm32l4xx_it.o
                0x08001c38                PendSV_Handler
 .text.SysTick_Handler
                0x08001c46        0xc ./Core/Src/stm32l4xx_it.o
                0x08001c46                SysTick_Handler
 *fill*         0x08001c52        0x2 
 .text.SDMMC1_IRQHandler
                0x08001c54       0x14 ./Core/Src/stm32l4xx_it.o
                0x08001c54                SDMMC1_IRQHandler
 .text._sbrk    0x08001c68       0x6c ./Core/Src/sysmem.o
                0x08001c68                _sbrk
 .text.SystemInit
                0x08001cd4       0x24 ./Core/Src/system_stm32l4xx.o
                0x08001cd4                SystemInit
 .text.Reset_Handler
                0x08001cf8       0x50 ./Core/Startup/startup_stm32l4r9zijx.o
                0x08001cf8                Reset_Handler
 .text.Default_Handler
                0x08001d48        0x2 ./Core/Startup/startup_stm32l4r9zijx.o
                0x08001d48                RTC_Alarm_IRQHandler
                0x08001d48                EXTI2_IRQHandler
                0x08001d48                TIM8_TRG_COM_IRQHandler
                0x08001d48                TIM8_CC_IRQHandler
                0x08001d48                TIM1_CC_IRQHandler
                0x08001d48                TSC_IRQHandler
                0x08001d48                TAMP_STAMP_IRQHandler
                0x08001d48                EXTI3_IRQHandler
                0x08001d48                LPTIM2_IRQHandler
                0x08001d48                DFSDM1_FLT1_IRQHandler
                0x08001d48                GFXMMU_IRQHandler
                0x08001d48                I2C3_ER_IRQHandler
                0x08001d48                DFSDM1_FLT2_IRQHandler
                0x08001d48                EXTI0_IRQHandler
                0x08001d48                I2C2_EV_IRQHandler
                0x08001d48                CAN1_RX0_IRQHandler
                0x08001d48                FPU_IRQHandler
                0x08001d48                TIM1_UP_TIM16_IRQHandler
                0x08001d48                LTDC_ER_IRQHandler
                0x08001d48                SPI1_IRQHandler
                0x08001d48                OCTOSPI1_IRQHandler
                0x08001d48                TIM6_DAC_IRQHandler
                0x08001d48                DCMI_IRQHandler
                0x08001d48                TIM8_UP_IRQHandler
                0x08001d48                OCTOSPI2_IRQHandler
                0x08001d48                DMA2_Channel2_IRQHandler
                0x08001d48                DMA1_Channel4_IRQHandler
                0x08001d48                SAI2_IRQHandler
                0x08001d48                ADC1_IRQHandler
                0x08001d48                DFSDM1_FLT3_IRQHandler
                0x08001d48                USART3_IRQHandler
                0x08001d48                DMA1_Channel7_IRQHandler
                0x08001d48                CAN1_RX1_IRQHandler
                0x08001d48                UART5_IRQHandler
                0x08001d48                TIM4_IRQHandler
                0x08001d48                DMA2_Channel1_IRQHandler
                0x08001d48                I2C1_EV_IRQHandler
                0x08001d48                DMAMUX1_OVR_IRQHandler
                0x08001d48                DMA1_Channel6_IRQHandler
                0x08001d48                UART4_IRQHandler
                0x08001d48                DMA2_Channel4_IRQHandler
                0x08001d48                TIM3_IRQHandler
                0x08001d48                RCC_IRQHandler
                0x08001d48                DMA1_Channel1_IRQHandler
                0x08001d48                Default_Handler
                0x08001d48                DMA2_Channel7_IRQHandler
                0x08001d48                EXTI15_10_IRQHandler
                0x08001d48                TIM7_IRQHandler
                0x08001d48                TIM5_IRQHandler
                0x08001d48                I2C3_EV_IRQHandler
                0x08001d48                EXTI9_5_IRQHandler
                0x08001d48                RTC_WKUP_IRQHandler
                0x08001d48                LTDC_IRQHandler
                0x08001d48                PVD_PVM_IRQHandler
                0x08001d48                SPI2_IRQHandler
                0x08001d48                CAN1_TX_IRQHandler
                0x08001d48                DMA2_Channel5_IRQHandler
                0x08001d48                CRS_IRQHandler
                0x08001d48                DMA1_Channel5_IRQHandler
                0x08001d48                EXTI4_IRQHandler
                0x08001d48                RNG_IRQHandler
                0x08001d48                TIM1_TRG_COM_TIM17_IRQHandler
                0x08001d48                DMA1_Channel3_IRQHandler
                0x08001d48                COMP_IRQHandler
                0x08001d48                DSI_IRQHandler
                0x08001d48                WWDG_IRQHandler
                0x08001d48                I2C4_EV_IRQHandler
                0x08001d48                LPUART1_IRQHandler
                0x08001d48                DMA2_Channel6_IRQHandler
                0x08001d48                TIM2_IRQHandler
                0x08001d48                DMA2D_IRQHandler
                0x08001d48                EXTI1_IRQHandler
                0x08001d48                USART2_IRQHandler
                0x08001d48                DFSDM1_FLT0_IRQHandler
                0x08001d48                I2C2_ER_IRQHandler
                0x08001d48                DMA1_Channel2_IRQHandler
                0x08001d48                TIM8_BRK_IRQHandler
                0x08001d48                CAN1_SCE_IRQHandler
                0x08001d48                FLASH_IRQHandler
                0x08001d48                USART1_IRQHandler
                0x08001d48                OTG_FS_IRQHandler
                0x08001d48                SPI3_IRQHandler
                0x08001d48                I2C1_ER_IRQHandler
                0x08001d48                FMC_IRQHandler
                0x08001d48                LPTIM1_IRQHandler
                0x08001d48                I2C4_ER_IRQHandler
                0x08001d48                SAI1_IRQHandler
                0x08001d48                DMA2_Channel3_IRQHandler
                0x08001d48                TIM1_BRK_TIM15_IRQHandler
 .text.HAL_Init
                0x08001d4a       0x30 ./Drivers/STM32L4xx_HAL_Driver/Src/stm32l4xx_hal.o
                0x08001d4a                HAL_Init
 *fill*         0x08001d7a        0x2 
 .text.HAL_InitTick
                0x08001d7c       0x78 ./Drivers/STM32L4xx_HAL_Driver/Src/stm32l4xx_hal.o
                0x08001d7c                HAL_InitTick
 .text.HAL_IncTick
                0x08001df4       0x28 ./Drivers/STM32L4xx_HAL_Driver/Src/stm32l4xx_hal.o
                0x08001df4                HAL_IncTick
 .text.HAL_GetTick
                0x08001e1c       0x18 ./Drivers/STM32L4xx_HAL_Driver/Src/stm32l4xx_hal.o
                0x08001e1c                HAL_GetTick
 .text.HAL_Delay
                0x08001e34       0x48 ./Drivers/STM32L4xx_HAL_Driver/Src/stm32l4xx_hal.o
                0x08001e34                HAL_Delay
 .text.__NVIC_SetPriorityGrouping
                0x08001e7c       0x48 ./Drivers/STM32L4xx_HAL_Driver/Src/stm32l4xx_hal_cortex.o
 .text.__NVIC_GetPriorityGrouping
                0x08001ec4       0x1c ./Drivers/STM32L4xx_HAL_Driver/Src/stm32l4xx_hal_cortex.o
 .text.__NVIC_EnableIRQ
                0x08001ee0       0x3c ./Drivers/STM32L4xx_HAL_Driver/Src/stm32l4xx_hal_cortex.o
 .text.__NVIC_SetPriority
                0x08001f1c       0x54 ./Drivers/STM32L4xx_HAL_Driver/Src/stm32l4xx_hal_cortex.o
 .text.NVIC_EncodePriority
                0x08001f70       0x66 ./Drivers/STM32L4xx_HAL_Driver/Src/stm32l4xx_hal_cortex.o
 *fill*         0x08001fd6        0x2 
 .text.SysTick_Config
                0x08001fd8       0x44 ./Drivers/STM32L4xx_HAL_Driver/Src/stm32l4xx_hal_cortex.o
 .text.HAL_NVIC_SetPriorityGrouping
                0x0800201c       0x16 ./Drivers/STM32L4xx_HAL_Driver/Src/stm32l4xx_hal_cortex.o
                0x0800201c                HAL_NVIC_SetPriorityGrouping
 .text.HAL_NVIC_SetPriority
                0x08002032       0x38 ./Drivers/STM32L4xx_HAL_Driver/Src/stm32l4xx_hal_cortex.o
                0x08002032                HAL_NVIC_SetPriority
 .text.HAL_NVIC_EnableIRQ
                0x0800206a       0x1c ./Drivers/STM32L4xx_HAL_Driver/Src/stm32l4xx_hal_cortex.o
                0x0800206a                HAL_NVIC_EnableIRQ
 .text.HAL_SYSTICK_Config
                0x08002086       0x18 ./Drivers/STM32L4xx_HAL_Driver/Src/stm32l4xx_hal_cortex.o
                0x08002086                HAL_SYSTICK_Config
 *fill*         0x0800209e        0x2 
 .text.HAL_GPIO_Init
                0x080020a0      0x324 ./Drivers/STM32L4xx_HAL_Driver/Src/stm32l4xx_hal_gpio.o
                0x080020a0                HAL_GPIO_Init
 .text.HAL_GPIO_ReadPin
                0x080023c4       0x30 ./Drivers/STM32L4xx_HAL_Driver/Src/stm32l4xx_hal_gpio.o
                0x080023c4                HAL_GPIO_ReadPin
 .text.HAL_GPIO_WritePin
                0x080023f4       0x30 ./Drivers/STM32L4xx_HAL_Driver/Src/stm32l4xx_hal_gpio.o
                0x080023f4                HAL_GPIO_WritePin
 .text.HAL_PWREx_GetVoltageRange
                0x08002424       0x40 ./Drivers/STM32L4xx_HAL_Driver/Src/stm32l4xx_hal_pwr_ex.o
                0x08002424                HAL_PWREx_GetVoltageRange
 .text.HAL_PWREx_ControlVoltageScaling
                0x08002464      0x148 ./Drivers/STM32L4xx_HAL_Driver/Src/stm32l4xx_hal_pwr_ex.o
                0x08002464                HAL_PWREx_ControlVoltageScaling
 .text.HAL_PWREx_EnableVddIO2
                0x080025ac       0x20 ./Drivers/STM32L4xx_HAL_Driver/Src/stm32l4xx_hal_pwr_ex.o
                0x080025ac                HAL_PWREx_EnableVddIO2
 .text.HAL_RCC_OscConfig
                0x080025cc      0x834 ./Drivers/STM32L4xx_HAL_Driver/Src/stm32l4xx_hal_rcc.o
                0x080025cc                HAL_RCC_OscConfig
 .text.HAL_RCC_ClockConfig
                0x08002e00      0x274 ./Drivers/STM32L4xx_HAL_Driver/Src/stm32l4xx_hal_rcc.o
                0x08002e00                HAL_RCC_ClockConfig
 .text.HAL_RCC_GetSysClockFreq
                0x08003074      0x114 ./Drivers/STM32L4xx_HAL_Driver/Src/stm32l4xx_hal_rcc.o
                0x08003074                HAL_RCC_GetSysClockFreq
 .text.HAL_RCC_GetHCLKFreq
                0x08003188       0x18 ./Drivers/STM32L4xx_HAL_Driver/Src/stm32l4xx_hal_rcc.o
                0x08003188                HAL_RCC_GetHCLKFreq
 .text.HAL_RCC_GetPCLK1Freq
                0x080031a0       0x2c ./Drivers/STM32L4xx_HAL_Driver/Src/stm32l4xx_hal_rcc.o
                0x080031a0                HAL_RCC_GetPCLK1Freq
 .text.HAL_RCC_GetPCLK2Freq
                0x080031cc       0x2c ./Drivers/STM32L4xx_HAL_Driver/Src/stm32l4xx_hal_rcc.o
                0x080031cc                HAL_RCC_GetPCLK2Freq
 .text.RCC_SetFlashLatencyFromMSIRange
                0x080031f8       0xb4 ./Drivers/STM32L4xx_HAL_Driver/Src/stm32l4xx_hal_rcc.o
 .text.RCC_GetSysClockFreqFromPLLSource
                0x080032ac       0xc8 ./Drivers/STM32L4xx_HAL_Driver/Src/stm32l4xx_hal_rcc.o
 .text.HAL_RCCEx_PeriphCLKConfig
                0x08003374      0x720 ./Drivers/STM32L4xx_HAL_Driver/Src/stm32l4xx_hal_rcc_ex.o
                0x08003374                HAL_RCCEx_PeriphCLKConfig
 .text.HAL_RCCEx_GetPeriphCLKFreq
                0x08003a94      0xe40 ./Drivers/STM32L4xx_HAL_Driver/Src/stm32l4xx_hal_rcc_ex.o
                0x08003a94                HAL_RCCEx_GetPeriphCLKFreq
 .text.RCCEx_PLLSAI1_Config
                0x080048d4      0x1e8 ./Drivers/STM32L4xx_HAL_Driver/Src/stm32l4xx_hal_rcc_ex.o
 .text.RCCEx_PLLSAI2_Config
                0x08004abc      0x1e8 ./Drivers/STM32L4xx_HAL_Driver/Src/stm32l4xx_hal_rcc_ex.o
 .text.RCCEx_GetSAIxPeriphCLKFreq
                0x08004ca4      0x224 ./Drivers/STM32L4xx_HAL_Driver/Src/stm32l4xx_hal_rcc_ex.o
 .text.HAL_SD_Init
                0x08004ec8      0x122 ./Drivers/STM32L4xx_HAL_Driver/Src/stm32l4xx_hal_sd.o
                0x08004ec8                HAL_SD_Init
 *fill*         0x08004fea        0x2 
 .text.HAL_SD_InitCard
                0x08004fec      0x144 ./Drivers/STM32L4xx_HAL_Driver/Src/stm32l4xx_hal_sd.o
                0x08004fec                HAL_SD_InitCard
 .text.HAL_SD_ReadBlocks_DMA
                0x08005130      0x150 ./Drivers/STM32L4xx_HAL_Driver/Src/stm32l4xx_hal_sd.o
                0x08005130                HAL_SD_ReadBlocks_DMA
 .text.HAL_SD_WriteBlocks_DMA
                0x08005280      0x150 ./Drivers/STM32L4xx_HAL_Driver/Src/stm32l4xx_hal_sd.o
                0x08005280                HAL_SD_WriteBlocks_DMA
 .text.HAL_SD_IRQHandler
                0x080053d0      0x36c ./Drivers/STM32L4xx_HAL_Driver/Src/stm32l4xx_hal_sd.o
                0x080053d0                HAL_SD_IRQHandler
 .text.HAL_SD_ErrorCallback
                0x0800573c       0x14 ./Drivers/STM32L4xx_HAL_Driver/Src/stm32l4xx_hal_sd.o
                0x0800573c                HAL_SD_ErrorCallback
 .text.HAL_SD_GetCardCSD
                0x08005750      0x348 ./Drivers/STM32L4xx_HAL_Driver/Src/stm32l4xx_hal_sd.o
                0x08005750                HAL_SD_GetCardCSD
 .text.HAL_SD_GetCardStatus
                0x08005a98      0x16c ./Drivers/STM32L4xx_HAL_Driver/Src/stm32l4xx_hal_sd.o
                0x08005a98                HAL_SD_GetCardStatus
 .text.HAL_SD_GetCardInfo
                0x08005c04       0x58 ./Drivers/STM32L4xx_HAL_Driver/Src/stm32l4xx_hal_sd.o
                0x08005c04                HAL_SD_GetCardInfo
 .text.HAL_SD_ConfigWideBusOperation
                0x08005c5c      0x228 ./Drivers/STM32L4xx_HAL_Driver/Src/stm32l4xx_hal_sd.o
                0x08005c5c                HAL_SD_ConfigWideBusOperation
 .text.HAL_SD_GetCardState
                0x08005e84       0x40 ./Drivers/STM32L4xx_HAL_Driver/Src/stm32l4xx_hal_sd.o
                0x08005e84                HAL_SD_GetCardState
 .text.SD_InitCard
                0x08005ec4      0x17e ./Drivers/STM32L4xx_HAL_Driver/Src/stm32l4xx_hal_sd.o
 *fill*         0x08006042        0x2 
 .text.SD_PowerON
                0x08006044      0x218 ./Drivers/STM32L4xx_HAL_Driver/Src/stm32l4xx_hal_sd.o
 .text.SD_SendSDStatus
                0x0800625c      0x1a0 ./Drivers/STM32L4xx_HAL_Driver/Src/stm32l4xx_hal_sd.o
 .text.SD_SendStatus
                0x080063fc       0x50 ./Drivers/STM32L4xx_HAL_Driver/Src/stm32l4xx_hal_sd.o
 .text.SD_WideBus_Enable
                0x0800644c       0x96 ./Drivers/STM32L4xx_HAL_Driver/Src/stm32l4xx_hal_sd.o
 .text.SD_WideBus_Disable
                0x080064e2       0x96 ./Drivers/STM32L4xx_HAL_Driver/Src/stm32l4xx_hal_sd.o
 .text.SD_FindSCR
                0x08006578      0x1a0 ./Drivers/STM32L4xx_HAL_Driver/Src/stm32l4xx_hal_sd.o
 .text.SD_Read_IT
                0x08006718       0xa2 ./Drivers/STM32L4xx_HAL_Driver/Src/stm32l4xx_hal_sd.o
 .text.SD_Write_IT
                0x080067ba       0xaa ./Drivers/STM32L4xx_HAL_Driver/Src/stm32l4xx_hal_sd.o
 .text.HAL_SDEx_DriveTransceiver_1_8V_Callback
                0x08006864       0x16 ./Drivers/STM32L4xx_HAL_Driver/Src/stm32l4xx_hal_sd_ex.o
                0x08006864                HAL_SDEx_DriveTransceiver_1_8V_Callback
 .text.HAL_SDEx_Read_DMADoubleBuffer0CpltCallback
                0x0800687a       0x14 ./Drivers/STM32L4xx_HAL_Driver/Src/stm32l4xx_hal_sd_ex.o
                0x0800687a                HAL_SDEx_Read_DMADoubleBuffer0CpltCallback
 .text.HAL_SDEx_Read_DMADoubleBuffer1CpltCallback
                0x0800688e       0x14 ./Drivers/STM32L4xx_HAL_Driver/Src/stm32l4xx_hal_sd_ex.o
                0x0800688e                HAL_SDEx_Read_DMADoubleBuffer1CpltCallback
 .text.HAL_SDEx_Write_DMADoubleBuffer0CpltCallback
                0x080068a2       0x14 ./Drivers/STM32L4xx_HAL_Driver/Src/stm32l4xx_hal_sd_ex.o
                0x080068a2                HAL_SDEx_Write_DMADoubleBuffer0CpltCallback
 .text.HAL_SDEx_Write_DMADoubleBuffer1CpltCallback
                0x080068b6       0x14 ./Drivers/STM32L4xx_HAL_Driver/Src/stm32l4xx_hal_sd_ex.o
                0x080068b6                HAL_SDEx_Write_DMADoubleBuffer1CpltCallback
 .text.HAL_TIM_Base_Init
                0x080068ca       0xae ./Drivers/STM32L4xx_HAL_Driver/Src/stm32l4xx_hal_tim.o
                0x080068ca                HAL_TIM_Base_Init
 .text.HAL_TIM_Base_Start
                0x08006978       0xd0 ./Drivers/STM32L4xx_HAL_Driver/Src/stm32l4xx_hal_tim.o
                0x08006978                HAL_TIM_Base_Start
 .text.HAL_TIM_ConfigClockSource
                0x08006a48      0x192 ./Drivers/STM32L4xx_HAL_Driver/Src/stm32l4xx_hal_tim.o
                0x08006a48                HAL_TIM_ConfigClockSource
 *fill*         0x08006bda        0x2 
 .text.TIM_Base_SetConfig
                0x08006bdc      0x14c ./Drivers/STM32L4xx_HAL_Driver/Src/stm32l4xx_hal_tim.o
                0x08006bdc                TIM_Base_SetConfig
 .text.TIM_TI1_ConfigInputStage
                0x08006d28       0x5e ./Drivers/STM32L4xx_HAL_Driver/Src/stm32l4xx_hal_tim.o
 .text.TIM_TI2_ConfigInputStage
                0x08006d86       0x60 ./Drivers/STM32L4xx_HAL_Driver/Src/stm32l4xx_hal_tim.o
 .text.TIM_ITRx_SetConfig
                0x08006de6       0x36 ./Drivers/STM32L4xx_HAL_Driver/Src/stm32l4xx_hal_tim.o
 .text.TIM_ETR_SetConfig
                0x08006e1c       0x40 ./Drivers/STM32L4xx_HAL_Driver/Src/stm32l4xx_hal_tim.o
                0x08006e1c                TIM_ETR_SetConfig
 .text.HAL_TIMEx_MasterConfigSynchronization
                0x08006e5c      0x110 ./Drivers/STM32L4xx_HAL_Driver/Src/stm32l4xx_hal_tim_ex.o
                0x08006e5c                HAL_TIMEx_MasterConfigSynchronization
 .text.SDMMC_Init
                0x08006f6c       0x54 ./Drivers/STM32L4xx_HAL_Driver/Src/stm32l4xx_ll_sdmmc.o
                0x08006f6c                SDMMC_Init
 .text.SDMMC_ReadFIFO
                0x08006fc0       0x1a ./Drivers/STM32L4xx_HAL_Driver/Src/stm32l4xx_ll_sdmmc.o
                0x08006fc0                SDMMC_ReadFIFO
 .text.SDMMC_WriteFIFO
                0x08006fda       0x22 ./Drivers/STM32L4xx_HAL_Driver/Src/stm32l4xx_ll_sdmmc.o
                0x08006fda                SDMMC_WriteFIFO
 .text.SDMMC_PowerState_ON
                0x08006ffc       0x24 ./Drivers/STM32L4xx_HAL_Driver/Src/stm32l4xx_ll_sdmmc.o
                0x08006ffc                SDMMC_PowerState_ON
 .text.SDMMC_GetPowerState
                0x08007020       0x1c ./Drivers/STM32L4xx_HAL_Driver/Src/stm32l4xx_ll_sdmmc.o
                0x08007020                SDMMC_GetPowerState
 .text.SDMMC_SendCommand
                0x0800703c       0x54 ./Drivers/STM32L4xx_HAL_Driver/Src/stm32l4xx_ll_sdmmc.o
                0x0800703c                SDMMC_SendCommand
 .text.SDMMC_GetCommandResponse
                0x08007090       0x1a ./Drivers/STM32L4xx_HAL_Driver/Src/stm32l4xx_ll_sdmmc.o
                0x08007090                SDMMC_GetCommandResponse
 .text.SDMMC_GetResponse
                0x080070aa       0x26 ./Drivers/STM32L4xx_HAL_Driver/Src/stm32l4xx_ll_sdmmc.o
                0x080070aa                SDMMC_GetResponse
 .text.SDMMC_ConfigData
                0x080070d0       0x58 ./Drivers/STM32L4xx_HAL_Driver/Src/stm32l4xx_ll_sdmmc.o
                0x080070d0                SDMMC_ConfigData
 .text.SDMMC_CmdBlockLength
                0x08007128       0x46 ./Drivers/STM32L4xx_HAL_Driver/Src/stm32l4xx_ll_sdmmc.o
                0x08007128                SDMMC_CmdBlockLength
 .text.SDMMC_CmdReadSingleBlock
                0x0800716e       0x46 ./Drivers/STM32L4xx_HAL_Driver/Src/stm32l4xx_ll_sdmmc.o
                0x0800716e                SDMMC_CmdReadSingleBlock
 .text.SDMMC_CmdReadMultiBlock
                0x080071b4       0x46 ./Drivers/STM32L4xx_HAL_Driver/Src/stm32l4xx_ll_sdmmc.o
                0x080071b4                SDMMC_CmdReadMultiBlock
 .text.SDMMC_CmdWriteSingleBlock
                0x080071fa       0x46 ./Drivers/STM32L4xx_HAL_Driver/Src/stm32l4xx_ll_sdmmc.o
                0x080071fa                SDMMC_CmdWriteSingleBlock
 .text.SDMMC_CmdWriteMultiBlock
                0x08007240       0x46 ./Drivers/STM32L4xx_HAL_Driver/Src/stm32l4xx_ll_sdmmc.o
                0x08007240                SDMMC_CmdWriteMultiBlock
 *fill*         0x08007286        0x2 
 .text.SDMMC_CmdStopTransfer
                0x08007288       0x6c ./Drivers/STM32L4xx_HAL_Driver/Src/stm32l4xx_ll_sdmmc.o
                0x08007288                SDMMC_CmdStopTransfer
 .text.SDMMC_CmdSelDesel
                0x080072f4       0x48 ./Drivers/STM32L4xx_HAL_Driver/Src/stm32l4xx_ll_sdmmc.o
                0x080072f4                SDMMC_CmdSelDesel
 .text.SDMMC_CmdGoIdleState
                0x0800733c       0x3c ./Drivers/STM32L4xx_HAL_Driver/Src/stm32l4xx_ll_sdmmc.o
                0x0800733c                SDMMC_CmdGoIdleState
 .text.SDMMC_CmdOperCond
                0x08007378       0x40 ./Drivers/STM32L4xx_HAL_Driver/Src/stm32l4xx_ll_sdmmc.o
                0x08007378                SDMMC_CmdOperCond
 .text.SDMMC_CmdAppCommand
                0x080073b8       0x46 ./Drivers/STM32L4xx_HAL_Driver/Src/stm32l4xx_ll_sdmmc.o
                0x080073b8                SDMMC_CmdAppCommand
 .text.SDMMC_CmdAppOperCommand
                0x080073fe       0x40 ./Drivers/STM32L4xx_HAL_Driver/Src/stm32l4xx_ll_sdmmc.o
                0x080073fe                SDMMC_CmdAppOperCommand
 .text.SDMMC_CmdBusWidth
                0x0800743e       0x46 ./Drivers/STM32L4xx_HAL_Driver/Src/stm32l4xx_ll_sdmmc.o
                0x0800743e                SDMMC_CmdBusWidth
 .text.SDMMC_CmdSendSCR
                0x08007484       0x44 ./Drivers/STM32L4xx_HAL_Driver/Src/stm32l4xx_ll_sdmmc.o
                0x08007484                SDMMC_CmdSendSCR
 .text.SDMMC_CmdSendCID
                0x080074c8       0x3e ./Drivers/STM32L4xx_HAL_Driver/Src/stm32l4xx_ll_sdmmc.o
                0x080074c8                SDMMC_CmdSendCID
 .text.SDMMC_CmdSendCSD
                0x08007506       0x40 ./Drivers/STM32L4xx_HAL_Driver/Src/stm32l4xx_ll_sdmmc.o
                0x08007506                SDMMC_CmdSendCSD
 .text.SDMMC_CmdSetRelAdd
                0x08007546       0x44 ./Drivers/STM32L4xx_HAL_Driver/Src/stm32l4xx_ll_sdmmc.o
                0x08007546                SDMMC_CmdSetRelAdd
 .text.SDMMC_CmdSendStatus
                0x0800758a       0x46 ./Drivers/STM32L4xx_HAL_Driver/Src/stm32l4xx_ll_sdmmc.o
                0x0800758a                SDMMC_CmdSendStatus
 .text.SDMMC_CmdStatusRegister
                0x080075d0       0x44 ./Drivers/STM32L4xx_HAL_Driver/Src/stm32l4xx_ll_sdmmc.o
                0x080075d0                SDMMC_CmdStatusRegister
 .text.SDMMC_CmdVoltageSwitch
                0x08007614       0x44 ./Drivers/STM32L4xx_HAL_Driver/Src/stm32l4xx_ll_sdmmc.o
                0x08007614                SDMMC_CmdVoltageSwitch
 .text.SDMMC_GetCmdResp1
                0x08007658      0x1e4 ./Drivers/STM32L4xx_HAL_Driver/Src/stm32l4xx_ll_sdmmc.o
                0x08007658                SDMMC_GetCmdResp1
 .text.SDMMC_GetCmdResp2
                0x0800783c       0x94 ./Drivers/STM32L4xx_HAL_Driver/Src/stm32l4xx_ll_sdmmc.o
                0x0800783c                SDMMC_GetCmdResp2
 .text.SDMMC_GetCmdResp3
                0x080078d0       0x80 ./Drivers/STM32L4xx_HAL_Driver/Src/stm32l4xx_ll_sdmmc.o
                0x080078d0                SDMMC_GetCmdResp3
 .text.SDMMC_GetCmdResp6
                0x08007950       0xf0 ./Drivers/STM32L4xx_HAL_Driver/Src/stm32l4xx_ll_sdmmc.o
                0x08007950                SDMMC_GetCmdResp6
 .text.SDMMC_GetCmdResp7
                0x08007a40       0x9c ./Drivers/STM32L4xx_HAL_Driver/Src/stm32l4xx_ll_sdmmc.o
                0x08007a40                SDMMC_GetCmdResp7
 .text.SDMMC_GetCmdError
                0x08007adc       0x5c ./Drivers/STM32L4xx_HAL_Driver/Src/stm32l4xx_ll_sdmmc.o
 .text.MX_FATFS_Init
                0x08007b38       0x24 ./FATFS/App/fatfs.o
                0x08007b38                MX_FATFS_Init
 .text.get_fattime
                0x08007b5c       0x10 ./FATFS/App/fatfs.o
                0x08007b5c                get_fattime
 .text.BSP_SD_Init
                0x08007b6c       0x4c ./FATFS/Target/bsp_driver_sd.o
                0x08007b6c                BSP_SD_Init
 .text.BSP_SD_ReadBlocks_DMA
                0x08007bb8       0x34 ./FATFS/Target/bsp_driver_sd.o
                0x08007bb8                BSP_SD_ReadBlocks_DMA
 .text.BSP_SD_WriteBlocks_DMA
                0x08007bec       0x34 ./FATFS/Target/bsp_driver_sd.o
                0x08007bec                BSP_SD_WriteBlocks_DMA
 .text.BSP_SD_GetCardState
                0x08007c20       0x20 ./FATFS/Target/bsp_driver_sd.o
                0x08007c20                BSP_SD_GetCardState
 .text.BSP_SD_GetCardInfo
                0x08007c40       0x1c ./FATFS/Target/bsp_driver_sd.o
                0x08007c40                BSP_SD_GetCardInfo
 .text.HAL_SD_TxCpltCallback
                0x08007c5c       0x14 ./FATFS/Target/bsp_driver_sd.o
                0x08007c5c                HAL_SD_TxCpltCallback
 .text.HAL_SD_RxCpltCallback
                0x08007c70       0x14 ./FATFS/Target/bsp_driver_sd.o
                0x08007c70                HAL_SD_RxCpltCallback
 .text.BSP_SD_IsDetected
                0x08007c84       0x24 ./FATFS/Target/bsp_driver_sd.o
                0x08007c84                BSP_SD_IsDetected
 .text.BSP_PlatformIsDetected
                0x08007ca8       0x2c ./FATFS/Target/fatfs_platform.o
                0x08007ca8                BSP_PlatformIsDetected
 .text.SD_CheckStatusWithTimeout
                0x08007cd4       0x3a ./FATFS/Target/sd_diskio.o
 *fill*         0x08007d0e        0x2 
 .text.SD_CheckStatus
                0x08007d10       0x3c ./FATFS/Target/sd_diskio.o
 .text.SD_initialize
                0x08007d4c       0x38 ./FATFS/Target/sd_diskio.o
                0x08007d4c                SD_initialize
 .text.SD_status
                0x08007d84       0x1c ./FATFS/Target/sd_diskio.o
                0x08007d84                SD_status
 .text.SD_read  0x08007da0       0xac ./FATFS/Target/sd_diskio.o
                0x08007da0                SD_read
 .text.SD_write
                0x08007e4c       0xac ./FATFS/Target/sd_diskio.o
                0x08007e4c                SD_write
 .text.SD_ioctl
                0x08007ef8       0xb0 ./FATFS/Target/sd_diskio.o
                0x08007ef8                SD_ioctl
 .text.BSP_SD_WriteCpltCallback
                0x08007fa8       0x18 ./FATFS/Target/sd_diskio.o
                0x08007fa8                BSP_SD_WriteCpltCallback
 .text.BSP_SD_ReadCpltCallback
                0x08007fc0       0x18 ./FATFS/Target/sd_diskio.o
                0x08007fc0                BSP_SD_ReadCpltCallback
 .text.disk_status
                0x08007fd8       0x34 ./Middlewares/Third_Party/FatFs/src/diskio.o
                0x08007fd8                disk_status
 .text.disk_initialize
                0x0800800c       0x4c ./Middlewares/Third_Party/FatFs/src/diskio.o
                0x0800800c                disk_initialize
 .text.disk_read
                0x08008058       0x40 ./Middlewares/Third_Party/FatFs/src/diskio.o
                0x08008058                disk_read
 .text.disk_write
                0x08008098       0x40 ./Middlewares/Third_Party/FatFs/src/diskio.o
                0x08008098                disk_write
 .text.disk_ioctl
                0x080080d8       0x3c ./Middlewares/Third_Party/FatFs/src/diskio.o
                0x080080d8                disk_ioctl
 .text.ld_word  0x08008114       0x30 ./Middlewares/Third_Party/FatFs/src/ff.o
 .text.ld_dword
                0x08008144       0x46 ./Middlewares/Third_Party/FatFs/src/ff.o
 .text.st_word  0x0800818a       0x36 ./Middlewares/Third_Party/FatFs/src/ff.o
 .text.st_dword
                0x080081c0       0x58 ./Middlewares/Third_Party/FatFs/src/ff.o
 .text.mem_cpy  0x08008218       0x42 ./Middlewares/Third_Party/FatFs/src/ff.o
 .text.mem_set  0x0800825a       0x36 ./Middlewares/Third_Party/FatFs/src/ff.o
 .text.mem_cmp  0x08008290       0x4e ./Middlewares/Third_Party/FatFs/src/ff.o
 .text.chk_chr  0x080082de       0x36 ./Middlewares/Third_Party/FatFs/src/ff.o
 .text.chk_lock
                0x08008314       0xb8 ./Middlewares/Third_Party/FatFs/src/ff.o
 .text.enq_lock
                0x080083cc       0x44 ./Middlewares/Third_Party/FatFs/src/ff.o
 .text.inc_lock
                0x08008410      0x11c ./Middlewares/Third_Party/FatFs/src/ff.o
 .text.dec_lock
                0x0800852c       0x78 ./Middlewares/Third_Party/FatFs/src/ff.o
 .text.clear_lock
                0x080085a4       0x48 ./Middlewares/Third_Party/FatFs/src/ff.o
 .text.sync_window
                0x080085ec       0x88 ./Middlewares/Third_Party/FatFs/src/ff.o
 .text.move_window
                0x08008674       0x5a ./Middlewares/Third_Party/FatFs/src/ff.o
 *fill*         0x080086ce        0x2 
 .text.sync_fs  0x080086d0       0xdc ./Middlewares/Third_Party/FatFs/src/ff.o
 .text.clust2sect
                0x080087ac       0x3e ./Middlewares/Third_Party/FatFs/src/ff.o
 .text.get_fat  0x080087ea      0x14e ./Middlewares/Third_Party/FatFs/src/ff.o
 .text.put_fat  0x08008938      0x1d4 ./Middlewares/Third_Party/FatFs/src/ff.o
 .text.remove_chain
                0x08008b0c       0xca ./Middlewares/Third_Party/FatFs/src/ff.o
 .text.create_chain
                0x08008bd6      0x130 ./Middlewares/Third_Party/FatFs/src/ff.o
 .text.clmt_clust
                0x08008d06       0x68 ./Middlewares/Third_Party/FatFs/src/ff.o
 .text.dir_sdi  0x08008d6e       0xf6 ./Middlewares/Third_Party/FatFs/src/ff.o
 .text.dir_next
                0x08008e64      0x18a ./Middlewares/Third_Party/FatFs/src/ff.o
 .text.dir_alloc
                0x08008fee       0x8e ./Middlewares/Third_Party/FatFs/src/ff.o
 .text.ld_clust
                0x0800907c       0x3e ./Middlewares/Third_Party/FatFs/src/ff.o
 .text.st_clust
                0x080090ba       0x40 ./Middlewares/Third_Party/FatFs/src/ff.o
 .text.dir_find
                0x080090fa       0xaa ./Middlewares/Third_Party/FatFs/src/ff.o
 .text.dir_register
                0x080091a4       0x64 ./Middlewares/Third_Party/FatFs/src/ff.o
 .text.create_name
                0x08009208      0x128 ./Middlewares/Third_Party/FatFs/src/ff.o
 .text.follow_path
                0x08009330       0xe2 ./Middlewares/Third_Party/FatFs/src/ff.o
 .text.get_ldnumber
                0x08009412       0x88 ./Middlewares/Third_Party/FatFs/src/ff.o
 *fill*         0x0800949a        0x2 
 .text.check_fs
                0x0800949c       0xac ./Middlewares/Third_Party/FatFs/src/ff.o
 .text.find_volume
                0x08009548      0x498 ./Middlewares/Third_Party/FatFs/src/ff.o
 .text.validate
                0x080099e0       0x6a ./Middlewares/Third_Party/FatFs/src/ff.o
 *fill*         0x08009a4a        0x2 
 .text.f_mount  0x08009a4c       0x8c ./Middlewares/Third_Party/FatFs/src/ff.o
                0x08009a4c                f_mount
 .text.f_open   0x08009ad8      0x374 ./Middlewares/Third_Party/FatFs/src/ff.o
                0x08009ad8                f_open
 .text.f_read   0x08009e4c      0x27e ./Middlewares/Third_Party/FatFs/src/ff.o
                0x08009e4c                f_read
 .text.f_write  0x0800a0ca      0x2ea ./Middlewares/Third_Party/FatFs/src/ff.o
                0x0800a0ca                f_write
 .text.f_sync   0x0800a3b4       0xfc ./Middlewares/Third_Party/FatFs/src/ff.o
                0x0800a3b4                f_sync
 .text.f_close  0x0800a4b0       0x54 ./Middlewares/Third_Party/FatFs/src/ff.o
                0x0800a4b0                f_close
 .text.f_lseek  0x0800a504      0x412 ./Middlewares/Third_Party/FatFs/src/ff.o
                0x0800a504                f_lseek
 *fill*         0x0800a916        0x2 
 .text.FATFS_LinkDriverEx
                0x0800a918       0x98 ./Middlewares/Third_Party/FatFs/src/ff_gen_drv.o
                0x0800a918                FATFS_LinkDriverEx
 .text.FATFS_LinkDriver
                0x0800a9b0       0x1e ./Middlewares/Third_Party/FatFs/src/ff_gen_drv.o
                0x0800a9b0                FATFS_LinkDriver
 *fill*         0x0800a9ce        0x2 
 .text.model_configure_activations
                0x0800a9d0      0x140 ./X-CUBE-AI/App/model.o
 .text.model_configure_weights
                0x0800ab10      0x18c ./X-CUBE-AI/App/model.o
 .text.ai_model_get_error
                0x0800ac9c       0x18 ./X-CUBE-AI/App/model.o
                0x0800ac9c                ai_model_get_error
 .text.ai_model_create
                0x0800acb4       0x2c ./X-CUBE-AI/App/model.o
                0x0800acb4                ai_model_create
 .text.ai_model_create_and_init
                0x0800ace0       0xfc ./X-CUBE-AI/App/model.o
                0x0800ace0                ai_model_create_and_init
 .text.ai_model_inputs_get
                0x0800addc       0x34 ./X-CUBE-AI/App/model.o
                0x0800addc                ai_model_inputs_get
 .text.ai_model_outputs_get
                0x0800ae10       0x34 ./X-CUBE-AI/App/model.o
                0x0800ae10                ai_model_outputs_get
 .text.ai_model_init
                0x0800ae44       0x78 ./X-CUBE-AI/App/model.o
                0x0800ae44                ai_model_init
 .text.ai_model_run
                0x0800aebc       0x20 ./X-CUBE-AI/App/model.o
                0x0800aebc                ai_model_run
 .text.ai_model_data_params_get
                0x0800aedc       0x50 ./X-CUBE-AI/App/model_data.o
                0x0800aedc                ai_model_data_params_get
 .text.ai_buffer_get_size
                0x0800af2c       0x68 ../Middlewares/ST/AI/Lib\NetworkRuntime910_CM4_GCC.a(ai_platform.o)
                0x0800af2c                ai_buffer_get_size
 .text.ai_buffer_array_sane
                0x0800af94       0x14 ../Middlewares/ST/AI/Lib\NetworkRuntime910_CM4_GCC.a(ai_platform.o)
                0x0800af94                ai_buffer_array_sane
 .text.ai_buffer_array_item_set_address
                0x0800afa8       0x20 ../Middlewares/ST/AI/Lib\NetworkRuntime910_CM4_GCC.a(ai_platform.o)
                0x0800afa8                ai_buffer_array_item_set_address
 .text.ai_platform_get_weights_map
                0x0800afc8       0xa8 ../Middlewares/ST/AI/Lib\NetworkRuntime910_CM4_GCC.a(ai_platform_interface.o)
                0x0800afc8                ai_platform_get_weights_map
 .text.ai_platform_get_activations_map
                0x0800b070       0xa8 ../Middlewares/ST/AI/Lib\NetworkRuntime910_CM4_GCC.a(ai_platform_interface.o)
                0x0800b070                ai_platform_get_activations_map
 .text.ai_platform_bind_network_params
                0x0800b118       0x44 ../Middlewares/ST/AI/Lib\NetworkRuntime910_CM4_GCC.a(ai_platform_interface.o)
                0x0800b118                ai_platform_bind_network_params
 .text.ai_platform_network_get_error
                0x0800b15c       0x18 ../Middlewares/ST/AI/Lib\NetworkRuntime910_CM4_GCC.a(ai_platform_interface.o)
                0x0800b15c                ai_platform_network_get_error
 .text.ai_platform_network_set_error
                0x0800b174        0xc ../Middlewares/ST/AI/Lib\NetworkRuntime910_CM4_GCC.a(ai_platform_interface.o)
                0x0800b174                ai_platform_network_set_error
 .text.ai_platform_inputs_get
                0x0800b180       0xec ../Middlewares/ST/AI/Lib\NetworkRuntime910_CM4_GCC.a(ai_platform_interface.o)
                0x0800b180                ai_platform_inputs_get
 .text.ai_platform_outputs_get
                0x0800b26c       0xe8 ../Middlewares/ST/AI/Lib\NetworkRuntime910_CM4_GCC.a(ai_platform_interface.o)
                0x0800b26c                ai_platform_outputs_get
 .text.ai_platform_network_create
                0x0800b354       0x84 ../Middlewares/ST/AI/Lib\NetworkRuntime910_CM4_GCC.a(ai_platform_interface.o)
                0x0800b354                ai_platform_network_create
 .text.ai_platform_network_init
                0x0800b3d8      0x19c ../Middlewares/ST/AI/Lib\NetworkRuntime910_CM4_GCC.a(ai_platform_interface.o)
                0x0800b3d8                ai_platform_network_init
 .text.ai_platform_network_post_init
                0x0800b574       0x60 ../Middlewares/ST/AI/Lib\NetworkRuntime910_CM4_GCC.a(ai_platform_interface.o)
                0x0800b574                ai_platform_network_post_init
 .text.ai_platform_network_process
                0x0800b5d4      0x480 ../Middlewares/ST/AI/Lib\NetworkRuntime910_CM4_GCC.a(ai_platform_interface.o)
                0x0800b5d4                ai_platform_network_process
 .text.core_init
                0x0800ba54        0x4 ../Middlewares/ST/AI/Lib\NetworkRuntime910_CM4_GCC.a(core_common.o)
                0x0800ba54                core_init
 .text.core_get_error
                0x0800ba58        0xc ../Middlewares/ST/AI/Lib\NetworkRuntime910_CM4_GCC.a(core_common.o)
                0x0800ba58                core_get_error
 .text.core_set_error
                0x0800ba64       0x18 ../Middlewares/ST/AI/Lib\NetworkRuntime910_CM4_GCC.a(core_common.o)
                0x0800ba64                core_set_error
 .text.ai_check_custom_types
                0x0800ba7c       0x54 ../Middlewares/ST/AI/Lib\NetworkRuntime910_CM4_GCC.a(layers.o)
                0x0800ba7c                ai_check_custom_types
 .text.ai_layers_init_all
                0x0800bad0       0x1c ../Middlewares/ST/AI/Lib\NetworkRuntime910_CM4_GCC.a(layers.o)
                0x0800bad0                ai_layers_init_all
 .text.ai_layers_post_init_all
                0x0800baec       0x28 ../Middlewares/ST/AI/Lib\NetworkRuntime910_CM4_GCC.a(layers.o)
                0x0800baec                ai_layers_post_init_all
 .text.ai_layers_forward_all
                0x0800bb14       0x94 ../Middlewares/ST/AI/Lib\NetworkRuntime910_CM4_GCC.a(layers.o)
                0x0800bb14                ai_layers_forward_all
 .text.forward_conv2d_if32of32wf32
                0x0800bba8      0x1e4 ../Middlewares/ST/AI/Lib\NetworkRuntime910_CM4_GCC.a(layers_conv2d_generic_float.o)
                0x0800bba8                forward_conv2d_if32of32wf32
 .text.forward_dense
                0x0800bd8c       0xfc ../Middlewares/ST/AI/Lib\NetworkRuntime910_CM4_GCC.a(layers_conv2d_generic_float.o)
                0x0800bd8c                forward_dense
 .text.forward_relu
                0x0800be88      0x138 ../Middlewares/ST/AI/Lib\NetworkRuntime910_CM4_GCC.a(layers_nl_generic_float.o)
                0x0800be88                forward_relu
 .text.forward_lite_conv2d_if32of32wf32
                0x0800bfc0      0x58c ../Middlewares/ST/AI/Lib\NetworkRuntime910_CM4_GCC.a(forward_lite_conv2d_if32of32wf32.o)
                0x0800bfc0                forward_lite_conv2d_if32of32wf32
 .text.forward_lite_nl_relu_generic_if32of32_kernel
                0x0800c54c       0xfc ../Middlewares/ST/AI/Lib\NetworkRuntime910_CM4_GCC.a(lite_nl_relu_if32of32.o)
                0x0800c54c                forward_lite_nl_relu_generic_if32of32_kernel
 .text.lite_decompress_ilutof32
                0x0800c648       0xb4 ../Middlewares/ST/AI/Lib\NetworkRuntime910_CM4_GCC.a(lite_dense_if32.o)
                0x0800c648                lite_decompress_ilutof32
 .text.forward_lite_dense_if32of32wf32
                0x0800c6fc      0x2b4 ../Middlewares/ST/AI/Lib\NetworkRuntime910_CM4_GCC.a(lite_dense_if32.o)
                0x0800c6fc                forward_lite_dense_if32of32wf32
 .text.forward_lite_dense_if32of32wf32_lut4
                0x0800c9b0      0x250 ../Middlewares/ST/AI/Lib\NetworkRuntime910_CM4_GCC.a(lite_dense_if32.o)
                0x0800c9b0                forward_lite_dense_if32of32wf32_lut4
 .text.forward_lite_dense_if32of32wf32_lut8
                0x0800cc00      0x25c ../Middlewares/ST/AI/Lib\NetworkRuntime910_CM4_GCC.a(lite_dense_if32.o)
                0x0800cc00                forward_lite_dense_if32of32wf32_lut8
 .text.st_int8_copy
                0x0800ce5c      0x10c ../Middlewares/ST/AI/Lib\NetworkRuntime910_CM4_GCC.a(st_int8_fill.o)
                0x0800ce5c                st_int8_copy
 .text.ai_array_to_buffer_fmt
                0x0800cf68       0xe0 ../Middlewares/ST/AI/Lib\NetworkRuntime910_CM4_GCC.a(ai_datatypes_format.o)
                0x0800cf68                ai_array_to_buffer_fmt
 .text.ai_array_get_data_byte_size
                0x0800d048       0x24 ../Middlewares/ST/AI/Lib\NetworkRuntime910_CM4_GCC.a(ai_datatypes_format.o)
                0x0800d048                ai_array_get_data_byte_size
 .text.ai_version_get
                0x0800d06c        0xc ../Middlewares/ST/AI/Lib\NetworkRuntime910_CM4_GCC.a(ai_datatypes_internal.o)
                0x0800d06c                ai_version_get
 .text.get_tensor_byte_size
                0x0800d078       0x30 ../Middlewares/ST/AI/Lib\NetworkRuntime910_CM4_GCC.a(ai_datatypes_internal.o)
                0x0800d078                get_tensor_byte_size
 .text.malloc   0x0800d0a8       0x10 C:/ST/STM32CubeIDE_1.16.1/STM32CubeIDE/plugins/com.st.stm32cube.ide.mcu.externaltools.gnu-tools-for-stm32.12.3.rel1.win32_1.0.200.202406191623/tools/bin/../lib/gcc/arm-none-eabi/12.3.1/../../../../arm-none-eabi/lib/thumb/v7e-m+fp/hard\libc_nano.a(libc_a-malloc.o)
                0x0800d0a8                malloc
 .text.free     0x0800d0b8       0x10 C:/ST/STM32CubeIDE_1.16.1/STM32CubeIDE/plugins/com.st.stm32cube.ide.mcu.externaltools.gnu-tools-for-stm32.12.3.rel1.win32_1.0.200.202406191623/tools/bin/../lib/gcc/arm-none-eabi/12.3.1/../../../../arm-none-eabi/lib/thumb/v7e-m+fp/hard\libc_nano.a(libc_a-malloc.o)
                0x0800d0b8                free
 .text.sbrk_aligned
                0x0800d0c8       0x44 C:/ST/STM32CubeIDE_1.16.1/STM32CubeIDE/plugins/com.st.stm32cube.ide.mcu.externaltools.gnu-tools-for-stm32.12.3.rel1.win32_1.0.200.202406191623/tools/bin/../lib/gcc/arm-none-eabi/12.3.1/../../../../arm-none-eabi/lib/thumb/v7e-m+fp/hard\libc_nano.a(libc_a-mallocr.o)
 .text._malloc_r
                0x0800d10c      0x100 C:/ST/STM32CubeIDE_1.16.1/STM32CubeIDE/plugins/com.st.stm32cube.ide.mcu.externaltools.gnu-tools-for-stm32.12.3.rel1.win32_1.0.200.202406191623/tools/bin/../lib/gcc/arm-none-eabi/12.3.1/../../../../arm-none-eabi/lib/thumb/v7e-m+fp/hard\libc_nano.a(libc_a-mallocr.o)
                0x0800d10c                _malloc_r
 .text.__malloc_lock
                0x0800d20c        0xc C:/ST/STM32CubeIDE_1.16.1/STM32CubeIDE/plugins/com.st.stm32cube.ide.mcu.externaltools.gnu-tools-for-stm32.12.3.rel1.win32_1.0.200.202406191623/tools/bin/../lib/gcc/arm-none-eabi/12.3.1/../../../../arm-none-eabi/lib/thumb/v7e-m+fp/hard\libc_nano.a(libc_a-mlock.o)
                0x0800d20c                __malloc_lock
 .text.__malloc_unlock
                0x0800d218        0xc C:/ST/STM32CubeIDE_1.16.1/STM32CubeIDE/plugins/com.st.stm32cube.ide.mcu.externaltools.gnu-tools-for-stm32.12.3.rel1.win32_1.0.200.202406191623/tools/bin/../lib/gcc/arm-none-eabi/12.3.1/../../../../arm-none-eabi/lib/thumb/v7e-m+fp/hard\libc_nano.a(libc_a-mlock.o)
                0x0800d218                __malloc_unlock
 .text._realloc_r
                0x0800d224       0x5c C:/ST/STM32CubeIDE_1.16.1/STM32CubeIDE/plugins/com.st.stm32cube.ide.mcu.externaltools.gnu-tools-for-stm32.12.3.rel1.win32_1.0.200.202406191623/tools/bin/../lib/gcc/arm-none-eabi/12.3.1/../../../../arm-none-eabi/lib/thumb/v7e-m+fp/hard\libc_nano.a(libc_a-reallocr.o)
                0x0800d224                _realloc_r
 .text.sprintf  0x0800d280       0x40 C:/ST/STM32CubeIDE_1.16.1/STM32CubeIDE/plugins/com.st.stm32cube.ide.mcu.externaltools.gnu-tools-for-stm32.12.3.rel1.win32_1.0.200.202406191623/tools/bin/../lib/gcc/arm-none-eabi/12.3.1/../../../../arm-none-eabi/lib/thumb/v7e-m+fp/hard\libc_nano.a(libc_a-sprintf.o)
                0x0800d280                siprintf
                0x0800d280                sprintf
 .text.memset   0x0800d2c0       0x10 C:/ST/STM32CubeIDE_1.16.1/STM32CubeIDE/plugins/com.st.stm32cube.ide.mcu.externaltools.gnu-tools-for-stm32.12.3.rel1.win32_1.0.200.202406191623/tools/bin/../lib/gcc/arm-none-eabi/12.3.1/../../../../arm-none-eabi/lib/thumb/v7e-m+fp/hard\libc_nano.a(libc_a-memset.o)
                0x0800d2c0                memset
 .text._sbrk_r  0x0800d2d0       0x20 C:/ST/STM32CubeIDE_1.16.1/STM32CubeIDE/plugins/com.st.stm32cube.ide.mcu.externaltools.gnu-tools-for-stm32.12.3.rel1.win32_1.0.200.202406191623/tools/bin/../lib/gcc/arm-none-eabi/12.3.1/../../../../arm-none-eabi/lib/thumb/v7e-m+fp/hard\libc_nano.a(libc_a-sbrkr.o)
                0x0800d2d0                _sbrk_r
 .text.__errno  0x0800d2f0        0xc C:/ST/STM32CubeIDE_1.16.1/STM32CubeIDE/plugins/com.st.stm32cube.ide.mcu.externaltools.gnu-tools-for-stm32.12.3.rel1.win32_1.0.200.202406191623/tools/bin/../lib/gcc/arm-none-eabi/12.3.1/../../../../arm-none-eabi/lib/thumb/v7e-m+fp/hard\libc_nano.a(libc_a-errno.o)
                0x0800d2f0                __errno
 .text.__libc_init_array
                0x0800d2fc       0x48 C:/ST/STM32CubeIDE_1.16.1/STM32CubeIDE/plugins/com.st.stm32cube.ide.mcu.externaltools.gnu-tools-for-stm32.12.3.rel1.win32_1.0.200.202406191623/tools/bin/../lib/gcc/arm-none-eabi/12.3.1/../../../../arm-none-eabi/lib/thumb/v7e-m+fp/hard\libc_nano.a(libc_a-init.o)
                0x0800d2fc                __libc_init_array
 .text.__retarget_lock_acquire_recursive
                0x0800d344        0x2 C:/ST/STM32CubeIDE_1.16.1/STM32CubeIDE/plugins/com.st.stm32cube.ide.mcu.externaltools.gnu-tools-for-stm32.12.3.rel1.win32_1.0.200.202406191623/tools/bin/../lib/gcc/arm-none-eabi/12.3.1/../../../../arm-none-eabi/lib/thumb/v7e-m+fp/hard\libc_nano.a(libc_a-lock.o)
                0x0800d344                __retarget_lock_acquire_recursive
 .text.__retarget_lock_release_recursive
                0x0800d346        0x2 C:/ST/STM32CubeIDE_1.16.1/STM32CubeIDE/plugins/com.st.stm32cube.ide.mcu.externaltools.gnu-tools-for-stm32.12.3.rel1.win32_1.0.200.202406191623/tools/bin/../lib/gcc/arm-none-eabi/12.3.1/../../../../arm-none-eabi/lib/thumb/v7e-m+fp/hard\libc_nano.a(libc_a-lock.o)
                0x0800d346                __retarget_lock_release_recursive
 .text.memcpy   0x0800d348       0x1c C:/ST/STM32CubeIDE_1.16.1/STM32CubeIDE/plugins/com.st.stm32cube.ide.mcu.externaltools.gnu-tools-for-stm32.12.3.rel1.win32_1.0.200.202406191623/tools/bin/../lib/gcc/arm-none-eabi/12.3.1/../../../../arm-none-eabi/lib/thumb/v7e-m+fp/hard\libc_nano.a(libc_a-memcpy-stub.o)
                0x0800d348                memcpy
 .text._free_r  0x0800d364       0x94 C:/ST/STM32CubeIDE_1.16.1/STM32CubeIDE/plugins/com.st.stm32cube.ide.mcu.externaltools.gnu-tools-for-stm32.12.3.rel1.win32_1.0.200.202406191623/tools/bin/../lib/gcc/arm-none-eabi/12.3.1/../../../../arm-none-eabi/lib/thumb/v7e-m+fp/hard\libc_nano.a(libc_a-freer.o)
                0x0800d364                _free_r
 .text._malloc_usable_size_r
                0x0800d3f8       0x10 C:/ST/STM32CubeIDE_1.16.1/STM32CubeIDE/plugins/com.st.stm32cube.ide.mcu.externaltools.gnu-tools-for-stm32.12.3.rel1.win32_1.0.200.202406191623/tools/bin/../lib/gcc/arm-none-eabi/12.3.1/../../../../arm-none-eabi/lib/thumb/v7e-m+fp/hard\libc_nano.a(libc_a-msizer.o)
                0x0800d3f8                _malloc_usable_size_r
 .text.__ssputs_r
                0x0800d408       0xb6 C:/ST/STM32CubeIDE_1.16.1/STM32CubeIDE/plugins/com.st.stm32cube.ide.mcu.externaltools.gnu-tools-for-stm32.12.3.rel1.win32_1.0.200.202406191623/tools/bin/../lib/gcc/arm-none-eabi/12.3.1/../../../../arm-none-eabi/lib/thumb/v7e-m+fp/hard\libc_nano.a(libc_a-nano-svfprintf.o)
                0x0800d408                __ssputs_r
 *fill*         0x0800d4be        0x2 
 .text._svfprintf_r
                0x0800d4c0      0x1f8 C:/ST/STM32CubeIDE_1.16.1/STM32CubeIDE/plugins/com.st.stm32cube.ide.mcu.externaltools.gnu-tools-for-stm32.12.3.rel1.win32_1.0.200.202406191623/tools/bin/../lib/gcc/arm-none-eabi/12.3.1/../../../../arm-none-eabi/lib/thumb/v7e-m+fp/hard\libc_nano.a(libc_a-nano-svfprintf.o)
                0x0800d4c0                _svfiprintf_r
                0x0800d4c0                _svfprintf_r
 .text._printf_common
                0x0800d6b8       0xda C:/ST/STM32CubeIDE_1.16.1/STM32CubeIDE/plugins/com.st.stm32cube.ide.mcu.externaltools.gnu-tools-for-stm32.12.3.rel1.win32_1.0.200.202406191623/tools/bin/../lib/gcc/arm-none-eabi/12.3.1/../../../../arm-none-eabi/lib/thumb/v7e-m+fp/hard\libc_nano.a(libc_a-nano-vfprintf_i.o)
                0x0800d6b8                _printf_common
 *fill*         0x0800d792        0x2 
 .text._printf_i
                0x0800d794      0x240 C:/ST/STM32CubeIDE_1.16.1/STM32CubeIDE/plugins/com.st.stm32cube.ide.mcu.externaltools.gnu-tools-for-stm32.12.3.rel1.win32_1.0.200.202406191623/tools/bin/../lib/gcc/arm-none-eabi/12.3.1/../../../../arm-none-eabi/lib/thumb/v7e-m+fp/hard\libc_nano.a(libc_a-nano-vfprintf_i.o)
                0x0800d794                _printf_i
 .text.memmove  0x0800d9d4       0x34 C:/ST/STM32CubeIDE_1.16.1/STM32CubeIDE/plugins/com.st.stm32cube.ide.mcu.externaltools.gnu-tools-for-stm32.12.3.rel1.win32_1.0.200.202406191623/tools/bin/../lib/gcc/arm-none-eabi/12.3.1/../../../../arm-none-eabi/lib/thumb/v7e-m+fp/hard\libc_nano.a(libc_a-memmove.o)
                0x0800d9d4                memmove
 *(.glue_7)
 .glue_7        0x0800da08        0x0 linker stubs
 *(.glue_7t)
 .glue_7t       0x0800da08        0x0 linker stubs
 *(.eh_frame)
 .eh_frame      0x0800da08        0x0 C:/ST/STM32CubeIDE_1.16.1/STM32CubeIDE/plugins/com.st.stm32cube.ide.mcu.externaltools.gnu-tools-for-stm32.12.3.rel1.win32_1.0.200.202406191623/tools/bin/../lib/gcc/arm-none-eabi/12.3.1/thumb/v7e-m+fp/hard/crtbegin.o
 *(.init)
 .init          0x0800da08        0x4 C:/ST/STM32CubeIDE_1.16.1/STM32CubeIDE/plugins/com.st.stm32cube.ide.mcu.externaltools.gnu-tools-for-stm32.12.3.rel1.win32_1.0.200.202406191623/tools/bin/../lib/gcc/arm-none-eabi/12.3.1/thumb/v7e-m+fp/hard/crti.o
                0x0800da08                _init
 .init          0x0800da0c        0x8 C:/ST/STM32CubeIDE_1.16.1/STM32CubeIDE/plugins/com.st.stm32cube.ide.mcu.externaltools.gnu-tools-for-stm32.12.3.rel1.win32_1.0.200.202406191623/tools/bin/../lib/gcc/arm-none-eabi/12.3.1/thumb/v7e-m+fp/hard/crtn.o
 *(.fini)
 .fini          0x0800da14        0x4 C:/ST/STM32CubeIDE_1.16.1/STM32CubeIDE/plugins/com.st.stm32cube.ide.mcu.externaltools.gnu-tools-for-stm32.12.3.rel1.win32_1.0.200.202406191623/tools/bin/../lib/gcc/arm-none-eabi/12.3.1/thumb/v7e-m+fp/hard/crti.o
                0x0800da14                _fini
 .fini          0x0800da18        0x8 C:/ST/STM32CubeIDE_1.16.1/STM32CubeIDE/plugins/com.st.stm32cube.ide.mcu.externaltools.gnu-tools-for-stm32.12.3.rel1.win32_1.0.200.202406191623/tools/bin/../lib/gcc/arm-none-eabi/12.3.1/thumb/v7e-m+fp/hard/crtn.o
                0x0800da20                        . = ALIGN (0x4)
                0x0800da20                        _etext = .

.vfp11_veneer   0x0800da20        0x0
 .vfp11_veneer  0x0800da20        0x0 linker stubs

.v4_bx          0x0800da20        0x0
 .v4_bx         0x0800da20        0x0 linker stubs

.iplt           0x0800da20        0x0
 .iplt          0x0800da20        0x0 C:/ST/STM32CubeIDE_1.16.1/STM32CubeIDE/plugins/com.st.stm32cube.ide.mcu.externaltools.gnu-tools-for-stm32.12.3.rel1.win32_1.0.200.202406191623/tools/bin/../lib/gcc/arm-none-eabi/12.3.1/thumb/v7e-m+fp/hard/crtbegin.o

.rodata         0x0800da20    0xff2c4
                0x0800da20                        . = ALIGN (0x4)
 *(.rodata)
 .rodata        0x0800da20       0xab ./Core/Src/main.o
 *fill*         0x0800dacb        0x1 
 .rodata        0x0800dacc       0x44 ./Middlewares/Third_Party/FatFs/src/ff.o
 .rodata        0x0800db10       0x30 ./X-CUBE-AI/App/model_data.o
 *(.rodata*)
 .rodata.AHBPrescTable
                0x0800db40       0x10 ./Core/Src/system_stm32l4xx.o
                0x0800db40                AHBPrescTable
 .rodata.APBPrescTable
                0x0800db50        0x8 ./Core/Src/system_stm32l4xx.o
                0x0800db50                APBPrescTable
 .rodata.MSIRangeTable
                0x0800db58       0x30 ./Core/Src/system_stm32l4xx.o
                0x0800db58                MSIRangeTable
 .rodata.SD_Driver
                0x0800db88       0x14 ./FATFS/Target/sd_diskio.o
                0x0800db88                SD_Driver
 .rodata.ExCvt  0x0800db9c       0x80 ./Middlewares/Third_Party/FatFs/src/ff.o
 .rodata.dense_1_chain
                0x0800dc1c        0x8 ./X-CUBE-AI/App/model.o
 .rodata.dense_chain
                0x0800dc24        0x8 ./X-CUBE-AI/App/model.o
 .rodata.dense_dense_chain
                0x0800dc2c        0x8 ./X-CUBE-AI/App/model.o
 .rodata.conv2d_1_chain
                0x0800dc34        0x8 ./X-CUBE-AI/App/model.o
 .rodata.conv2d_1_conv2d_chain
                0x0800dc3c        0x8 ./X-CUBE-AI/App/model.o
 .rodata.conv2d_chain
                0x0800dc44        0x8 ./X-CUBE-AI/App/model.o
 .rodata.conv2d_conv2d_chain
                0x0800dc4c        0x8 ./X-CUBE-AI/App/model.o
 *fill*         0x0800dc54        0xc 
 .rodata.s_model_weights_array_u64
                0x0800dc60    0xff050 ./X-CUBE-AI/App/model_data_params.o
                0x0800dc60                s_model_weights_array_u64
 .rodata._svfprintf_r.str1.1
                0x0810ccb0       0x11 C:/ST/STM32CubeIDE_1.16.1/STM32CubeIDE/plugins/com.st.stm32cube.ide.mcu.externaltools.gnu-tools-for-stm32.12.3.rel1.win32_1.0.200.202406191623/tools/bin/../lib/gcc/arm-none-eabi/12.3.1/../../../../arm-none-eabi/lib/thumb/v7e-m+fp/hard\libc_nano.a(libc_a-nano-svfprintf.o)
 .rodata._printf_i.str1.1
                0x0810ccc1       0x22 C:/ST/STM32CubeIDE_1.16.1/STM32CubeIDE/plugins/com.st.stm32cube.ide.mcu.externaltools.gnu-tools-for-stm32.12.3.rel1.win32_1.0.200.202406191623/tools/bin/../lib/gcc/arm-none-eabi/12.3.1/../../../../arm-none-eabi/lib/thumb/v7e-m+fp/hard\libc_nano.a(libc_a-nano-vfprintf_i.o)
                0x0810cce4                        . = ALIGN (0x4)
 *fill*         0x0810cce3        0x1 

.ARM.extab      0x0810cce4        0x0
                0x0810cce4                        . = ALIGN (0x4)
 *(.ARM.extab* .gnu.linkonce.armextab.*)
                0x0810cce4                        . = ALIGN (0x4)

.ARM            0x0810cce4        0x8
                0x0810cce4                        . = ALIGN (0x4)
                0x0810cce4                        __exidx_start = .
 *(.ARM.exidx*)
 .ARM.exidx     0x0810cce4        0x8 C:/ST/STM32CubeIDE_1.16.1/STM32CubeIDE/plugins/com.st.stm32cube.ide.mcu.externaltools.gnu-tools-for-stm32.12.3.rel1.win32_1.0.200.202406191623/tools/bin/../lib/gcc/arm-none-eabi/12.3.1/../../../../arm-none-eabi/lib/thumb/v7e-m+fp/hard\libc_nano.a(libc_a-strlen.o)
 .ARM.exidx     0x0810ccec        0x0 C:/ST/STM32CubeIDE_1.16.1/STM32CubeIDE/plugins/com.st.stm32cube.ide.mcu.externaltools.gnu-tools-for-stm32.12.3.rel1.win32_1.0.200.202406191623/tools/bin/../lib/gcc/arm-none-eabi/12.3.1/../../../../arm-none-eabi/lib/thumb/v7e-m+fp/hard\libc_nano.a(libc_a-memchr.o)
                                  0x8 (size before relaxing)
                0x0810ccec                        __exidx_end = .
                0x0810ccec                        . = ALIGN (0x4)

.preinit_array  0x0810ccec        0x0
                0x0810ccec                        . = ALIGN (0x4)
                0x0810ccec                        PROVIDE (__preinit_array_start = .)
 *(.preinit_array*)
                0x0810ccec                        PROVIDE (__preinit_array_end = .)
                0x0810ccec                        . = ALIGN (0x4)

.init_array     0x0810ccec        0x4
                0x0810ccec                        . = ALIGN (0x4)
                0x0810ccec                        PROVIDE (__init_array_start = .)
 *(SORT_BY_NAME(.init_array.*))
 *(.init_array*)
 .init_array    0x0810ccec        0x4 C:/ST/STM32CubeIDE_1.16.1/STM32CubeIDE/plugins/com.st.stm32cube.ide.mcu.externaltools.gnu-tools-for-stm32.12.3.rel1.win32_1.0.200.202406191623/tools/bin/../lib/gcc/arm-none-eabi/12.3.1/thumb/v7e-m+fp/hard/crtbegin.o
                0x0810ccf0                        PROVIDE (__init_array_end = .)
                0x0810ccf0                        . = ALIGN (0x4)

.fini_array     0x0810ccf0        0x4
                0x0810ccf0                        . = ALIGN (0x4)
                [!provide]                        PROVIDE (__fini_array_start = .)
 *(SORT_BY_NAME(.fini_array.*))
 *(.fini_array*)
 .fini_array    0x0810ccf0        0x4 C:/ST/STM32CubeIDE_1.16.1/STM32CubeIDE/plugins/com.st.stm32cube.ide.mcu.externaltools.gnu-tools-for-stm32.12.3.rel1.win32_1.0.200.202406191623/tools/bin/../lib/gcc/arm-none-eabi/12.3.1/thumb/v7e-m+fp/hard/crtbegin.o
                [!provide]                        PROVIDE (__fini_array_end = .)
                0x0810ccf4                        . = ALIGN (0x4)
                0x0810ccf4                        _sidata = LOADADDR (.data)

.rel.dyn        0x0810ccf4        0x0
 .rel.iplt      0x0810ccf4        0x0 C:/ST/STM32CubeIDE_1.16.1/STM32CubeIDE/plugins/com.st.stm32cube.ide.mcu.externaltools.gnu-tools-for-stm32.12.3.rel1.win32_1.0.200.202406191623/tools/bin/../lib/gcc/arm-none-eabi/12.3.1/thumb/v7e-m+fp/hard/crtbegin.o

.data           0x20000000      0xa60 load address 0x0810ccf4
                0x20000000                        . = ALIGN (0x4)
                0x20000000                        _sdata = .
 *(.data)
 *(.data*)
 .data.SystemCoreClock
                0x20000000        0x4 ./Core/Src/system_stm32l4xx.o
                0x20000000                SystemCoreClock
 .data.uwTickPrio
                0x20000004        0x4 ./Drivers/STM32L4xx_HAL_Driver/Src/stm32l4xx_hal.o
                0x20000004                uwTickPrio
 .data.uwTickFreq
                0x20000008        0x1 ./Drivers/STM32L4xx_HAL_Driver/Src/stm32l4xx_hal.o
                0x20000008                uwTickFreq
 .data.Stat     0x20000009        0x1 ./FATFS/Target/sd_diskio.o
 *fill*         0x2000000a        0x2 
 .data.input_1_output_array
                0x2000000c       0x10 ./X-CUBE-AI/App/model.o
 .data.conv2d_conv2d_output_array
                0x2000001c       0x10 ./X-CUBE-AI/App/model.o
 .data.conv2d_output_array
                0x2000002c       0x10 ./X-CUBE-AI/App/model.o
 .data.conv2d_1_conv2d_output_array
                0x2000003c       0x10 ./X-CUBE-AI/App/model.o
 .data.conv2d_1_output_array
                0x2000004c       0x10 ./X-CUBE-AI/App/model.o
 .data.dense_dense_output_array
                0x2000005c       0x10 ./X-CUBE-AI/App/model.o
 .data.dense_output_array
                0x2000006c       0x10 ./X-CUBE-AI/App/model.o
 .data.dense_1_output_array
                0x2000007c       0x10 ./X-CUBE-AI/App/model.o
 .data.conv2d_conv2d_weights_array
                0x2000008c       0x10 ./X-CUBE-AI/App/model.o
 .data.conv2d_conv2d_bias_array
                0x2000009c       0x10 ./X-CUBE-AI/App/model.o
 .data.conv2d_1_conv2d_weights_array
                0x200000ac       0x10 ./X-CUBE-AI/App/model.o
 .data.conv2d_1_conv2d_bias_array
                0x200000bc       0x10 ./X-CUBE-AI/App/model.o
 .data.dense_dense_weights_array
                0x200000cc       0x10 ./X-CUBE-AI/App/model.o
 .data.dense_dense_bias_array
                0x200000dc       0x10 ./X-CUBE-AI/App/model.o
 .data.dense_1_weights_array
                0x200000ec       0x10 ./X-CUBE-AI/App/model.o
 .data.dense_1_bias_array
                0x200000fc       0x10 ./X-CUBE-AI/App/model.o
 .data.conv2d_conv2d_scratch0_array
                0x2000010c       0x10 ./X-CUBE-AI/App/model.o
 .data.conv2d_1_conv2d_scratch0_array
                0x2000011c       0x10 ./X-CUBE-AI/App/model.o
 .data.__compound_literal.0
                0x2000012c       0x10 ./X-CUBE-AI/App/model.o
 .data.__compound_literal.1
                0x2000013c       0x10 ./X-CUBE-AI/App/model.o
 .data.conv2d_conv2d_bias
                0x2000014c       0x1c ./X-CUBE-AI/App/model.o
 .data.__compound_literal.2
                0x20000168       0x10 ./X-CUBE-AI/App/model.o
 .data.__compound_literal.3
                0x20000178       0x10 ./X-CUBE-AI/App/model.o
 .data.conv2d_conv2d_scratch0
                0x20000188       0x1c ./X-CUBE-AI/App/model.o
 .data.__compound_literal.4
                0x200001a4       0x10 ./X-CUBE-AI/App/model.o
 .data.__compound_literal.5
                0x200001b4       0x10 ./X-CUBE-AI/App/model.o
 .data.conv2d_1_conv2d_scratch0
                0x200001c4       0x1c ./X-CUBE-AI/App/model.o
 .data.__compound_literal.6
                0x200001e0       0x10 ./X-CUBE-AI/App/model.o
 .data.__compound_literal.7
                0x200001f0       0x10 ./X-CUBE-AI/App/model.o
 .data.conv2d_1_conv2d_weights
                0x20000200       0x1c ./X-CUBE-AI/App/model.o
 .data.__compound_literal.8
                0x2000021c       0x10 ./X-CUBE-AI/App/model.o
 .data.__compound_literal.9
                0x2000022c       0x10 ./X-CUBE-AI/App/model.o
 .data.conv2d_1_conv2d_bias
                0x2000023c       0x1c ./X-CUBE-AI/App/model.o
 .data.__compound_literal.10
                0x20000258       0x10 ./X-CUBE-AI/App/model.o
 .data.__compound_literal.11
                0x20000268       0x10 ./X-CUBE-AI/App/model.o
 .data.dense_dense_weights
                0x20000278       0x1c ./X-CUBE-AI/App/model.o
 .data.__compound_literal.12
                0x20000294       0x10 ./X-CUBE-AI/App/model.o
 .data.__compound_literal.13
                0x200002a4       0x10 ./X-CUBE-AI/App/model.o
 .data.dense_dense_bias
                0x200002b4       0x1c ./X-CUBE-AI/App/model.o
 .data.__compound_literal.14
                0x200002d0       0x10 ./X-CUBE-AI/App/model.o
 .data.__compound_literal.15
                0x200002e0       0x10 ./X-CUBE-AI/App/model.o
 .data.input_1_output
                0x200002f0       0x1c ./X-CUBE-AI/App/model.o
 .data.__compound_literal.16
                0x2000030c       0x10 ./X-CUBE-AI/App/model.o
 .data.__compound_literal.17
                0x2000031c       0x10 ./X-CUBE-AI/App/model.o
 .data.input_1_output0
                0x2000032c       0x1c ./X-CUBE-AI/App/model.o
 .data.__compound_literal.18
                0x20000348       0x10 ./X-CUBE-AI/App/model.o
 .data.__compound_literal.19
                0x20000358       0x10 ./X-CUBE-AI/App/model.o
 .data.conv2d_conv2d_output
                0x20000368       0x1c ./X-CUBE-AI/App/model.o
 .data.__compound_literal.20
                0x20000384       0x10 ./X-CUBE-AI/App/model.o
 .data.__compound_literal.21
                0x20000394       0x10 ./X-CUBE-AI/App/model.o
 .data.dense_1_weights
                0x200003a4       0x1c ./X-CUBE-AI/App/model.o
 .data.__compound_literal.22
                0x200003c0       0x10 ./X-CUBE-AI/App/model.o
 .data.__compound_literal.23
                0x200003d0       0x10 ./X-CUBE-AI/App/model.o
 .data.conv2d_output
                0x200003e0       0x1c ./X-CUBE-AI/App/model.o
 .data.__compound_literal.24
                0x200003fc       0x10 ./X-CUBE-AI/App/model.o
 .data.__compound_literal.25
                0x2000040c       0x10 ./X-CUBE-AI/App/model.o
 .data.dense_1_bias
                0x2000041c       0x1c ./X-CUBE-AI/App/model.o
 .data.__compound_literal.26
                0x20000438       0x10 ./X-CUBE-AI/App/model.o
 .data.__compound_literal.27
                0x20000448       0x10 ./X-CUBE-AI/App/model.o
 .data.conv2d_1_conv2d_output
                0x20000458       0x1c ./X-CUBE-AI/App/model.o
 .data.__compound_literal.28
                0x20000474       0x10 ./X-CUBE-AI/App/model.o
 .data.__compound_literal.29
                0x20000484       0x10 ./X-CUBE-AI/App/model.o
 .data.conv2d_1_output
                0x20000494       0x1c ./X-CUBE-AI/App/model.o
 .data.__compound_literal.30
                0x200004b0       0x10 ./X-CUBE-AI/App/model.o
 .data.__compound_literal.31
                0x200004c0       0x10 ./X-CUBE-AI/App/model.o
 .data.conv2d_1_output0
                0x200004d0       0x1c ./X-CUBE-AI/App/model.o
 .data.__compound_literal.32
                0x200004ec       0x10 ./X-CUBE-AI/App/model.o
 .data.__compound_literal.33
                0x200004fc       0x10 ./X-CUBE-AI/App/model.o
 .data.dense_dense_output
                0x2000050c       0x1c ./X-CUBE-AI/App/model.o
 .data.__compound_literal.34
                0x20000528       0x10 ./X-CUBE-AI/App/model.o
 .data.__compound_literal.35
                0x20000538       0x10 ./X-CUBE-AI/App/model.o
 .data.dense_output
                0x20000548       0x1c ./X-CUBE-AI/App/model.o
 .data.__compound_literal.36
                0x20000564       0x10 ./X-CUBE-AI/App/model.o
 .data.__compound_literal.37
                0x20000574       0x10 ./X-CUBE-AI/App/model.o
 .data.dense_1_output
                0x20000584       0x1c ./X-CUBE-AI/App/model.o
 .data.__compound_literal.38
                0x200005a0       0x10 ./X-CUBE-AI/App/model.o
 .data.__compound_literal.39
                0x200005b0       0x10 ./X-CUBE-AI/App/model.o
 .data.conv2d_conv2d_weights
                0x200005c0       0x1c ./X-CUBE-AI/App/model.o
 .data.__compound_literal.40
                0x200005dc        0x4 ./X-CUBE-AI/App/model.o
 .data.__compound_literal.41
                0x200005e0        0x4 ./X-CUBE-AI/App/model.o
 .data.__compound_literal.42
                0x200005e4        0x8 ./X-CUBE-AI/App/model.o
 .data.__compound_literal.44
                0x200005ec       0x30 ./X-CUBE-AI/App/model.o
 .data.dense_1_layer
                0x2000061c       0x1c ./X-CUBE-AI/App/model.o
 .data.__compound_literal.45
                0x20000638        0x4 ./X-CUBE-AI/App/model.o
 .data.__compound_literal.46
                0x2000063c        0x4 ./X-CUBE-AI/App/model.o
 .data.__compound_literal.49
                0x20000640       0x30 ./X-CUBE-AI/App/model.o
 .data.dense_layer
                0x20000670       0x20 ./X-CUBE-AI/App/model.o
 .data.__compound_literal.50
                0x20000690        0x4 ./X-CUBE-AI/App/model.o
 .data.__compound_literal.51
                0x20000694        0x4 ./X-CUBE-AI/App/model.o
 .data.__compound_literal.52
                0x20000698        0x8 ./X-CUBE-AI/App/model.o
 .data.__compound_literal.54
                0x200006a0       0x30 ./X-CUBE-AI/App/model.o
 .data.dense_dense_layer
                0x200006d0       0x1c ./X-CUBE-AI/App/model.o
 .data.__compound_literal.55
                0x200006ec        0x4 ./X-CUBE-AI/App/model.o
 .data.__compound_literal.56
                0x200006f0        0x4 ./X-CUBE-AI/App/model.o
 .data.__compound_literal.59
                0x200006f4       0x30 ./X-CUBE-AI/App/model.o
 .data.conv2d_1_layer
                0x20000724       0x20 ./X-CUBE-AI/App/model.o
 .data.__compound_literal.60
                0x20000744        0x4 ./X-CUBE-AI/App/model.o
 .data.__compound_literal.61
                0x20000748        0x4 ./X-CUBE-AI/App/model.o
 .data.__compound_literal.62
                0x2000074c        0xc ./X-CUBE-AI/App/model.o
 .data.__compound_literal.63
                0x20000758        0x8 ./X-CUBE-AI/App/model.o
 .data.__compound_literal.64
                0x20000760       0x30 ./X-CUBE-AI/App/model.o
 .data.__compound_literal.65
                0x20000790       0x10 ./X-CUBE-AI/App/model.o
 .data.conv2d_1_conv2d_layer
                0x200007a0       0x44 ./X-CUBE-AI/App/model.o
 .data.__compound_literal.66
                0x200007e4        0x4 ./X-CUBE-AI/App/model.o
 .data.__compound_literal.67
                0x200007e8        0x4 ./X-CUBE-AI/App/model.o
 .data.__compound_literal.70
                0x200007ec       0x30 ./X-CUBE-AI/App/model.o
 .data.conv2d_layer
                0x2000081c       0x20 ./X-CUBE-AI/App/model.o
 .data.__compound_literal.71
                0x2000083c        0x4 ./X-CUBE-AI/App/model.o
 .data.__compound_literal.72
                0x20000840        0x4 ./X-CUBE-AI/App/model.o
 .data.__compound_literal.73
                0x20000844        0xc ./X-CUBE-AI/App/model.o
 .data.__compound_literal.74
                0x20000850        0x8 ./X-CUBE-AI/App/model.o
 .data.__compound_literal.75
                0x20000858       0x30 ./X-CUBE-AI/App/model.o
 .data.__compound_literal.76
                0x20000888       0x10 ./X-CUBE-AI/App/model.o
 .data.conv2d_conv2d_layer
                0x20000898       0x44 ./X-CUBE-AI/App/model.o
 .data.__compound_literal.77
                0x200008dc       0x10 ./X-CUBE-AI/App/model.o
 .data.__compound_literal.78
                0x200008ec       0x1c ./X-CUBE-AI/App/model.o
 .data.__compound_literal.79
                0x20000908       0x10 ./X-CUBE-AI/App/model.o
 .data.__compound_literal.80
                0x20000918       0x1c ./X-CUBE-AI/App/model.o
 .data.__compound_literal.81
                0x20000934        0x4 ./X-CUBE-AI/App/model.o
 .data.__compound_literal.85
                0x20000938        0xc ./X-CUBE-AI/App/model.o
 .data.__compound_literal.86
                0x20000944        0x4 ./X-CUBE-AI/App/model.o
 .data.__compound_literal.90
                0x20000948        0xc ./X-CUBE-AI/App/model.o
 .data.__compound_literal.91
                0x20000954       0x18 ./X-CUBE-AI/App/model.o
 .data.g_model  0x2000096c       0x4c ./X-CUBE-AI/App/model.o
 .data.__compound_literal.0
                0x200009b8       0x10 ./X-CUBE-AI/App/model_data.o
 .data.g_model_data_map_activations
                0x200009c8       0x1c ./X-CUBE-AI/App/model_data.o
                0x200009c8                g_model_data_map_activations
 .data.__compound_literal.1
                0x200009e4       0x10 ./X-CUBE-AI/App/model_data.o
 .data.g_model_data_map_weights
                0x200009f4       0x1c ./X-CUBE-AI/App/model_data.o
                0x200009f4                g_model_data_map_weights
 .data._impure_ptr
                0x20000a10        0x4 C:/ST/STM32CubeIDE_1.16.1/STM32CubeIDE/plugins/com.st.stm32cube.ide.mcu.externaltools.gnu-tools-for-stm32.12.3.rel1.win32_1.0.200.202406191623/tools/bin/../lib/gcc/arm-none-eabi/12.3.1/../../../../arm-none-eabi/lib/thumb/v7e-m+fp/hard\libc_nano.a(libc_a-impure.o)
                0x20000a10                _impure_ptr
 .data._impure_data
                0x20000a14       0x4c C:/ST/STM32CubeIDE_1.16.1/STM32CubeIDE/plugins/com.st.stm32cube.ide.mcu.externaltools.gnu-tools-for-stm32.12.3.rel1.win32_1.0.200.202406191623/tools/bin/../lib/gcc/arm-none-eabi/12.3.1/../../../../arm-none-eabi/lib/thumb/v7e-m+fp/hard\libc_nano.a(libc_a-impure.o)
                0x20000a14                _impure_data
 *(.RamFunc)
 *(.RamFunc*)
                0x20000a60                        . = ALIGN (0x4)
                0x20000a60                        _edata = .

.igot.plt       0x20000a60        0x0 load address 0x0810d754
 .igot.plt      0x20000a60        0x0 C:/ST/STM32CubeIDE_1.16.1/STM32CubeIDE/plugins/com.st.stm32cube.ide.mcu.externaltools.gnu-tools-for-stm32.12.3.rel1.win32_1.0.200.202406191623/tools/bin/../lib/gcc/arm-none-eabi/12.3.1/thumb/v7e-m+fp/hard/crtbegin.o
                0x20000a60                        . = ALIGN (0x4)

.bss            0x20000a60     0x7d00 load address 0x0810d754
                0x20000a60                        _sbss = .
                0x20000a60                        __bss_start__ = _sbss
 *(.bss)
 .bss           0x20000a60       0x1c C:/ST/STM32CubeIDE_1.16.1/STM32CubeIDE/plugins/com.st.stm32cube.ide.mcu.externaltools.gnu-tools-for-stm32.12.3.rel1.win32_1.0.200.202406191623/tools/bin/../lib/gcc/arm-none-eabi/12.3.1/thumb/v7e-m+fp/hard/crtbegin.o
 *(.bss*)
 .bss.hsd1      0x20000a7c       0x80 ./Core/Src/main.o
                0x20000a7c                hsd1
 .bss.htim1     0x20000afc       0x4c ./Core/Src/main.o
                0x20000afc                htim1
 .bss.file_out  0x20000b48      0x230 ./Core/Src/main.o
                0x20000b48                file_out
 .bss.file_in   0x20000d78      0x230 ./Core/Src/main.o
                0x20000d78                file_in
 .bss.f_report  0x20000fa8      0x230 ./Core/Src/main.o
                0x20000fa8                f_report
 .bss.buf       0x200011d8       0x64 ./Core/Src/main.o
                0x200011d8                buf
 .bss.network   0x2000123c        0x4 ./Core/Src/main.o
 .bss.activations
                0x20001240     0x6f18 ./Core/Src/main.o
 *fill*         0x20008158        0x8 
 .bss.in_data   0x20008160      0x18c ./Core/Src/main.o
 *fill*         0x200082ec       0x14 
 .bss.out_data  0x20008300        0x4 ./Core/Src/main.o
 .bss.ai_input  0x20008304        0x4 ./Core/Src/main.o
 .bss.ai_output
                0x20008308        0x4 ./Core/Src/main.o
 .bss.__sbrk_heap_end
                0x2000830c        0x4 ./Core/Src/sysmem.o
 .bss.uwTick    0x20008310        0x4 ./Drivers/STM32L4xx_HAL_Driver/Src/stm32l4xx_hal.o
                0x20008310                uwTick
 .bss.retSD     0x20008314        0x1 ./FATFS/App/fatfs.o
                0x20008314                retSD
 *fill*         0x20008315        0x3 
 .bss.SDPath    0x20008318        0x4 ./FATFS/App/fatfs.o
                0x20008318                SDPath
 .bss.SDFatFS   0x2000831c      0x230 ./FATFS/App/fatfs.o
                0x2000831c                SDFatFS
 .bss.WriteStatus
                0x2000854c        0x4 ./FATFS/Target/sd_diskio.o
 .bss.ReadStatus
                0x20008550        0x4 ./FATFS/Target/sd_diskio.o
 .bss.FatFs     0x20008554        0x4 ./Middlewares/Third_Party/FatFs/src/ff.o
 .bss.Fsid      0x20008558        0x2 ./Middlewares/Third_Party/FatFs/src/ff.o
 *fill*         0x2000855a        0x2 
 .bss.Files     0x2000855c       0x20 ./Middlewares/Third_Party/FatFs/src/ff.o
 .bss.disk      0x2000857c        0xc ./Middlewares/Third_Party/FatFs/src/ff_gen_drv.o
                0x2000857c                disk
 .bss.g_model_activations_map
                0x20008588        0x4 ./X-CUBE-AI/App/model.o
 .bss.g_model_weights_map
                0x2000858c        0x4 ./X-CUBE-AI/App/model.o
 .bss.__compound_literal.43
                0x20008590        0x4 ./X-CUBE-AI/App/model.o
 .bss.__compound_literal.47
                0x20008594        0x4 ./X-CUBE-AI/App/model.o
 .bss.__compound_literal.48
                0x20008598        0x4 ./X-CUBE-AI/App/model.o
 .bss.__compound_literal.53
                0x2000859c        0x4 ./X-CUBE-AI/App/model.o
 .bss.__compound_literal.57
                0x200085a0        0x4 ./X-CUBE-AI/App/model.o
 .bss.__compound_literal.58
                0x200085a4        0x4 ./X-CUBE-AI/App/model.o
 .bss.__compound_literal.68
                0x200085a8        0x4 ./X-CUBE-AI/App/model.o
 .bss.__compound_literal.69
                0x200085ac        0x4 ./X-CUBE-AI/App/model.o
 .bss.__compound_literal.82
                0x200085b0       0x1c ./X-CUBE-AI/App/model.o
 .bss.__compound_literal.83
                0x200085cc       0x10 ./X-CUBE-AI/App/model.o
 .bss.__compound_literal.84
                0x200085dc        0x8 ./X-CUBE-AI/App/model.o
 .bss.__compound_literal.87
                0x200085e4       0x1c ./X-CUBE-AI/App/model.o
 .bss.__compound_literal.88
                0x20008600       0x10 ./X-CUBE-AI/App/model.o
 .bss.__compound_literal.89
                0x20008610        0x8 ./X-CUBE-AI/App/model.o
 .bss.__malloc_sbrk_start
                0x20008618        0x4 C:/ST/STM32CubeIDE_1.16.1/STM32CubeIDE/plugins/com.st.stm32cube.ide.mcu.externaltools.gnu-tools-for-stm32.12.3.rel1.win32_1.0.200.202406191623/tools/bin/../lib/gcc/arm-none-eabi/12.3.1/../../../../arm-none-eabi/lib/thumb/v7e-m+fp/hard\libc_nano.a(libc_a-mallocr.o)
                0x20008618                __malloc_sbrk_start
 .bss.__malloc_free_list
                0x2000861c        0x4 C:/ST/STM32CubeIDE_1.16.1/STM32CubeIDE/plugins/com.st.stm32cube.ide.mcu.externaltools.gnu-tools-for-stm32.12.3.rel1.win32_1.0.200.202406191623/tools/bin/../lib/gcc/arm-none-eabi/12.3.1/../../../../arm-none-eabi/lib/thumb/v7e-m+fp/hard\libc_nano.a(libc_a-mallocr.o)
                0x2000861c                __malloc_free_list
 .bss.__sf      0x20008620      0x138 C:/ST/STM32CubeIDE_1.16.1/STM32CubeIDE/plugins/com.st.stm32cube.ide.mcu.externaltools.gnu-tools-for-stm32.12.3.rel1.win32_1.0.200.202406191623/tools/bin/../lib/gcc/arm-none-eabi/12.3.1/../../../../arm-none-eabi/lib/thumb/v7e-m+fp/hard\libc_nano.a(libc_a-findfp.o)
                0x20008620                __sf
 .bss.errno     0x20008758        0x4 C:/ST/STM32CubeIDE_1.16.1/STM32CubeIDE/plugins/com.st.stm32cube.ide.mcu.externaltools.gnu-tools-for-stm32.12.3.rel1.win32_1.0.200.202406191623/tools/bin/../lib/gcc/arm-none-eabi/12.3.1/../../../../arm-none-eabi/lib/thumb/v7e-m+fp/hard\libc_nano.a(libc_a-reent.o)
                0x20008758                errno
 .bss.__lock___malloc_recursive_mutex
                0x2000875c        0x1 C:/ST/STM32CubeIDE_1.16.1/STM32CubeIDE/plugins/com.st.stm32cube.ide.mcu.externaltools.gnu-tools-for-stm32.12.3.rel1.win32_1.0.200.202406191623/tools/bin/../lib/gcc/arm-none-eabi/12.3.1/../../../../arm-none-eabi/lib/thumb/v7e-m+fp/hard\libc_nano.a(libc_a-lock.o)
                0x2000875c                __lock___malloc_recursive_mutex
 *(COMMON)
                0x20008760                        . = ALIGN (0x4)
 *fill*         0x2000875d        0x3 
                0x20008760                        _ebss = .
                0x20008760                        __bss_end__ = _ebss

._user_heap_stack
                0x20040000    0x11000
                0x20040000                        . = ALIGN (0x8)
                [!provide]                        PROVIDE (end = .)
                0x20040000                        PROVIDE (_end = .)
                0x20050000                        . = (. + _Min_Heap_Size)
 *fill*         0x20040000    0x10000 
                0x20051000                        . = (. + _Min_Stack_Size)
 *fill*         0x20050000     0x1000 
                0x20051000                        . = ALIGN (0x8)

/DISCARD/
 libc.a(*)
 libm.a(*)
 libgcc.a(*)

.ARM.attributes
                0x00000000       0x30
 *(.ARM.attributes)
 .ARM.attributes
                0x00000000       0x22 C:/ST/STM32CubeIDE_1.16.1/STM32CubeIDE/plugins/com.st.stm32cube.ide.mcu.externaltools.gnu-tools-for-stm32.12.3.rel1.win32_1.0.200.202406191623/tools/bin/../lib/gcc/arm-none-eabi/12.3.1/thumb/v7e-m+fp/hard/crti.o
 .ARM.attributes
                0x00000022       0x34 C:/ST/STM32CubeIDE_1.16.1/STM32CubeIDE/plugins/com.st.stm32cube.ide.mcu.externaltools.gnu-tools-for-stm32.12.3.rel1.win32_1.0.200.202406191623/tools/bin/../lib/gcc/arm-none-eabi/12.3.1/thumb/v7e-m+fp/hard/crtbegin.o
 .ARM.attributes
                0x00000056       0x34 ./Core/Src/main.o
 .ARM.attributes
                0x0000008a       0x34 ./Core/Src/stm32l4xx_hal_msp.o
 .ARM.attributes
                0x000000be       0x34 ./Core/Src/stm32l4xx_it.o
 .ARM.attributes
                0x000000f2       0x34 ./Core/Src/sysmem.o
 .ARM.attributes
                0x00000126       0x34 ./Core/Src/system_stm32l4xx.o
 .ARM.attributes
                0x0000015a       0x21 ./Core/Startup/startup_stm32l4r9zijx.o
 .ARM.attributes
                0x0000017b       0x34 ./Drivers/STM32L4xx_HAL_Driver/Src/stm32l4xx_hal.o
 .ARM.attributes
                0x000001af       0x34 ./Drivers/STM32L4xx_HAL_Driver/Src/stm32l4xx_hal_cortex.o
 .ARM.attributes
                0x000001e3       0x34 ./Drivers/STM32L4xx_HAL_Driver/Src/stm32l4xx_hal_gpio.o
 .ARM.attributes
                0x00000217       0x34 ./Drivers/STM32L4xx_HAL_Driver/Src/stm32l4xx_hal_pwr_ex.o
 .ARM.attributes
                0x0000024b       0x34 ./Drivers/STM32L4xx_HAL_Driver/Src/stm32l4xx_hal_rcc.o
 .ARM.attributes
                0x0000027f       0x34 ./Drivers/STM32L4xx_HAL_Driver/Src/stm32l4xx_hal_rcc_ex.o
 .ARM.attributes
                0x000002b3       0x34 ./Drivers/STM32L4xx_HAL_Driver/Src/stm32l4xx_hal_sd.o
 .ARM.attributes
                0x000002e7       0x34 ./Drivers/STM32L4xx_HAL_Driver/Src/stm32l4xx_hal_sd_ex.o
 .ARM.attributes
                0x0000031b       0x34 ./Drivers/STM32L4xx_HAL_Driver/Src/stm32l4xx_hal_tim.o
 .ARM.attributes
                0x0000034f       0x34 ./Drivers/STM32L4xx_HAL_Driver/Src/stm32l4xx_hal_tim_ex.o
 .ARM.attributes
                0x00000383       0x34 ./Drivers/STM32L4xx_HAL_Driver/Src/stm32l4xx_ll_sdmmc.o
 .ARM.attributes
                0x000003b7       0x34 ./FATFS/App/fatfs.o
 .ARM.attributes
                0x000003eb       0x34 ./FATFS/Target/bsp_driver_sd.o
 .ARM.attributes
                0x0000041f       0x34 ./FATFS/Target/fatfs_platform.o
 .ARM.attributes
                0x00000453       0x34 ./FATFS/Target/sd_diskio.o
 .ARM.attributes
                0x00000487       0x34 ./Middlewares/Third_Party/FatFs/src/diskio.o
 .ARM.attributes
                0x000004bb       0x34 ./Middlewares/Third_Party/FatFs/src/ff.o
 .ARM.attributes
                0x000004ef       0x34 ./Middlewares/Third_Party/FatFs/src/ff_gen_drv.o
 .ARM.attributes
                0x00000523       0x34 ./X-CUBE-AI/App/model.o
 .ARM.attributes
                0x00000557       0x34 ./X-CUBE-AI/App/model_data.o
 .ARM.attributes
                0x0000058b       0x34 ./X-CUBE-AI/App/model_data_params.o
 .ARM.attributes
                0x000005bf       0x30 ../Middlewares/ST/AI/Lib\NetworkRuntime910_CM4_GCC.a(ai_platform.o)
 .ARM.attributes
                0x000005ef       0x30 ../Middlewares/ST/AI/Lib\NetworkRuntime910_CM4_GCC.a(ai_platform_interface.o)
 .ARM.attributes
                0x0000061f       0x30 ../Middlewares/ST/AI/Lib\NetworkRuntime910_CM4_GCC.a(core_common.o)
 .ARM.attributes
                0x0000064f       0x30 ../Middlewares/ST/AI/Lib\NetworkRuntime910_CM4_GCC.a(layers.o)
 .ARM.attributes
                0x0000067f       0x30 ../Middlewares/ST/AI/Lib\NetworkRuntime910_CM4_GCC.a(layers_conv2d_generic_float.o)
 .ARM.attributes
                0x000006af       0x30 ../Middlewares/ST/AI/Lib\NetworkRuntime910_CM4_GCC.a(layers_nl_generic_float.o)
 .ARM.attributes
                0x000006df       0x30 ../Middlewares/ST/AI/Lib\NetworkRuntime910_CM4_GCC.a(forward_lite_conv2d_if32of32wf32.o)
 .ARM.attributes
                0x0000070f       0x30 ../Middlewares/ST/AI/Lib\NetworkRuntime910_CM4_GCC.a(lite_nl_relu_if32of32.o)
 .ARM.attributes
                0x0000073f       0x30 ../Middlewares/ST/AI/Lib\NetworkRuntime910_CM4_GCC.a(lite_dense_if32.o)
 .ARM.attributes